Archive member included to satisfy reference by file (symbol)

/usr/lib/gcc/arm-none-eabi/12.2.0/../../../../arm-none-eabi/lib/thumb/v7-m/nofp/libc_nano.a(libc_a-atexit.o)
                              /usr/lib/gcc/arm-none-eabi/12.2.0/../../../../arm-none-eabi/lib/thumb/v7-m/nofp/crt0.o (atexit)
/usr/lib/gcc/arm-none-eabi/12.2.0/../../../../arm-none-eabi/lib/thumb/v7-m/nofp/libc_nano.a(libc_a-exit.o)
                              /usr/lib/gcc/arm-none-eabi/12.2.0/../../../../arm-none-eabi/lib/thumb/v7-m/nofp/crt0.o (exit)
/usr/lib/gcc/arm-none-eabi/12.2.0/../../../../arm-none-eabi/lib/thumb/v7-m/nofp/libc_nano.a(libc_a-findfp.o)
                              /usr/lib/gcc/arm-none-eabi/12.2.0/../../../../arm-none-eabi/lib/thumb/v7-m/nofp/libc_nano.a(libc_a-exit.o) (__stdio_exit_handler)
/usr/lib/gcc/arm-none-eabi/12.2.0/../../../../arm-none-eabi/lib/thumb/v7-m/nofp/libc_nano.a(libc_a-fwalk.o)
                              /usr/lib/gcc/arm-none-eabi/12.2.0/../../../../arm-none-eabi/lib/thumb/v7-m/nofp/libc_nano.a(libc_a-findfp.o) (_fwalk_sglue)
/usr/lib/gcc/arm-none-eabi/12.2.0/../../../../arm-none-eabi/lib/thumb/v7-m/nofp/libc_nano.a(libc_a-stdio.o)
                              /usr/lib/gcc/arm-none-eabi/12.2.0/../../../../arm-none-eabi/lib/thumb/v7-m/nofp/libc_nano.a(libc_a-findfp.o) (__sread)
/usr/lib/gcc/arm-none-eabi/12.2.0/../../../../arm-none-eabi/lib/thumb/v7-m/nofp/libc_nano.a(libc_a-memset.o)
                              /usr/lib/gcc/arm-none-eabi/12.2.0/../../../../arm-none-eabi/lib/thumb/v7-m/nofp/crt0.o (memset)
/usr/lib/gcc/arm-none-eabi/12.2.0/../../../../arm-none-eabi/lib/thumb/v7-m/nofp/libc_nano.a(libc_a-closer.o)
                              /usr/lib/gcc/arm-none-eabi/12.2.0/../../../../arm-none-eabi/lib/thumb/v7-m/nofp/libc_nano.a(libc_a-stdio.o) (_close_r)
/usr/lib/gcc/arm-none-eabi/12.2.0/../../../../arm-none-eabi/lib/thumb/v7-m/nofp/libc_nano.a(libc_a-reent.o)
                              /usr/lib/gcc/arm-none-eabi/12.2.0/../../../../arm-none-eabi/lib/thumb/v7-m/nofp/libc_nano.a(libc_a-closer.o) (errno)
/usr/lib/gcc/arm-none-eabi/12.2.0/../../../../arm-none-eabi/lib/thumb/v7-m/nofp/libc_nano.a(libc_a-impure.o)
                              /usr/lib/gcc/arm-none-eabi/12.2.0/../../../../arm-none-eabi/lib/thumb/v7-m/nofp/libc_nano.a(libc_a-reent.o) (_impure_ptr)
/usr/lib/gcc/arm-none-eabi/12.2.0/../../../../arm-none-eabi/lib/thumb/v7-m/nofp/libc_nano.a(libc_a-lseekr.o)
                              /usr/lib/gcc/arm-none-eabi/12.2.0/../../../../arm-none-eabi/lib/thumb/v7-m/nofp/libc_nano.a(libc_a-stdio.o) (_lseek_r)
/usr/lib/gcc/arm-none-eabi/12.2.0/../../../../arm-none-eabi/lib/thumb/v7-m/nofp/libc_nano.a(libc_a-readr.o)
                              /usr/lib/gcc/arm-none-eabi/12.2.0/../../../../arm-none-eabi/lib/thumb/v7-m/nofp/libc_nano.a(libc_a-stdio.o) (_read_r)
/usr/lib/gcc/arm-none-eabi/12.2.0/../../../../arm-none-eabi/lib/thumb/v7-m/nofp/libc_nano.a(libc_a-writer.o)
                              /usr/lib/gcc/arm-none-eabi/12.2.0/../../../../arm-none-eabi/lib/thumb/v7-m/nofp/libc_nano.a(libc_a-stdio.o) (_write_r)
/usr/lib/gcc/arm-none-eabi/12.2.0/../../../../arm-none-eabi/lib/thumb/v7-m/nofp/libc_nano.a(libc_a-errno.o)
                              ./Core/Src/syscalls.o (__errno)
/usr/lib/gcc/arm-none-eabi/12.2.0/../../../../arm-none-eabi/lib/thumb/v7-m/nofp/libc_nano.a(libc_a-init.o)
                              /usr/lib/gcc/arm-none-eabi/12.2.0/../../../../arm-none-eabi/lib/thumb/v7-m/nofp/crt0.o (__libc_init_array)
/usr/lib/gcc/arm-none-eabi/12.2.0/../../../../arm-none-eabi/lib/thumb/v7-m/nofp/libc_nano.a(libc_a-fini.o)
                              /usr/lib/gcc/arm-none-eabi/12.2.0/../../../../arm-none-eabi/lib/thumb/v7-m/nofp/crt0.o (__libc_fini_array)
/usr/lib/gcc/arm-none-eabi/12.2.0/../../../../arm-none-eabi/lib/thumb/v7-m/nofp/libc_nano.a(libc_a-lock.o)
                              /usr/lib/gcc/arm-none-eabi/12.2.0/../../../../arm-none-eabi/lib/thumb/v7-m/nofp/libc_nano.a(libc_a-findfp.o) (__retarget_lock_init_recursive)
/usr/lib/gcc/arm-none-eabi/12.2.0/../../../../arm-none-eabi/lib/thumb/v7-m/nofp/libc_nano.a(libc_a-__atexit.o)
                              /usr/lib/gcc/arm-none-eabi/12.2.0/../../../../arm-none-eabi/lib/thumb/v7-m/nofp/libc_nano.a(libc_a-atexit.o) (__register_exitproc)
/usr/lib/gcc/arm-none-eabi/12.2.0/../../../../arm-none-eabi/lib/thumb/v7-m/nofp/libc_nano.a(libc_a-__call_atexit.o)
                              /usr/lib/gcc/arm-none-eabi/12.2.0/../../../../arm-none-eabi/lib/thumb/v7-m/nofp/libc_nano.a(libc_a-__atexit.o) (__call_exitprocs)
/usr/lib/gcc/arm-none-eabi/12.2.0/../../../../arm-none-eabi/lib/thumb/v7-m/nofp/libc_nano.a(libc_a-freer.o)
                              /usr/lib/gcc/arm-none-eabi/12.2.0/../../../../arm-none-eabi/lib/thumb/v7-m/nofp/libc_nano.a(libc_a-reent.o) (_free_r)
/usr/lib/gcc/arm-none-eabi/12.2.0/../../../../arm-none-eabi/lib/thumb/v7-m/nofp/libc_nano.a(libc_a-mallocr.o)
[...]
Memory Configuration

Name             Origin             Length             Attributes
RAM              0x0000000020000000 0x0000000000005000 xrw
FLASH            0x0000000008000000 0x0000000000010000 xr
*default*        0x0000000000000000 0xffffffffffffffff

Linker script and memory map

LOAD /usr/lib/gcc/arm-none-eabi/12.2.0/thumb/v7-m/nofp/crti.o
LOAD /usr/lib/gcc/arm-none-eabi/12.2.0/thumb/v7-m/nofp/crtbegin.o
LOAD /usr/lib/gcc/arm-none-eabi/12.2.0/../../../../arm-none-eabi/lib/thumb/v7-m/nofp/crt0.o
LOAD ./Core/Src/gpio.o
LOAD ./Core/Src/i2c.o
LOAD ./Core/Src/main.o
LOAD ./Core/Src/mpu6050.o
LOAD ./Core/Src/spi.o
LOAD ./Core/Src/stm32f1xx_hal_msp.o
LOAD ./Core/Src/stm32f1xx_it.o
LOAD ./Core/Src/syscalls.o
LOAD ./Core/Src/sysmem.o
LOAD ./Core/Src/system_stm32f1xx.o
LOAD ./Core/Src/tim.o
LOAD ./Core/Startup/startup_stm32f103r8tx.o
LOAD ./Drivers/STM32F1xx_HAL_Driver/Src/stm32f1xx_hal.o
LOAD ./Drivers/STM32F1xx_HAL_Driver/Src/stm32f1xx_hal_cortex.o
LOAD ./Drivers/STM32F1xx_HAL_Driver/Src/stm32f1xx_hal_dma.o
LOAD ./Drivers/STM32F1xx_HAL_Driver/Src/stm32f1xx_hal_exti.o
LOAD ./Drivers/STM32F1xx_HAL_Driver/Src/stm32f1xx_hal_flash.o
LOAD ./Drivers/STM32F1xx_HAL_Driver/Src/stm32f1xx_hal_flash_ex.o
LOAD ./Drivers/STM32F1xx_HAL_Driver/Src/stm32f1xx_hal_gpio.o
LOAD ./Drivers/STM32F1xx_HAL_Driver/Src/stm32f1xx_hal_gpio_ex.o
LOAD ./Drivers/STM32F1xx_HAL_Driver/Src/stm32f1xx_hal_i2c.o
LOAD ./Drivers/STM32F1xx_HAL_Driver/Src/stm32f1xx_hal_pwr.o
LOAD ./Drivers/STM32F1xx_HAL_Driver/Src/stm32f1xx_hal_rcc.o
LOAD ./Drivers/STM32F1xx_HAL_Driver/Src/stm32f1xx_hal_rcc_ex.o
LOAD ./Drivers/STM32F1xx_HAL_Driver/Src/stm32f1xx_hal_spi.o
LOAD ./Drivers/STM32F1xx_HAL_Driver/Src/stm32f1xx_hal_tim.o
LOAD ./Drivers/STM32F1xx_HAL_Driver/Src/stm32f1xx_hal_tim_ex.o
START GROUP
LOAD /usr/lib/gcc/arm-none-eabi/12.2.0/../../../../arm-none-eabi/lib/thumb/v7-m/nofp/libc_nano.a
LOAD /usr/lib/gcc/arm-none-eabi/12.2.0/../../../../arm-none-eabi/lib/thumb/v7-m/nofp/libm.a
END GROUP
START GROUP
LOAD /usr/lib/gcc/arm-none-eabi/12.2.0/thumb/v7-m/nofp/libgcc.a
LOAD /usr/lib/gcc/arm-none-eabi/12.2.0/../../../../arm-none-eabi/lib/thumb/v7-m/nofp/libc_nano.a
END GROUP
START GROUP
LOAD /usr/lib/gcc/arm-none-eabi/12.2.0/thumb/v7-m/nofp/libgcc.a
LOAD /usr/lib/gcc/arm-none-eabi/12.2.0/../../../../arm-none-eabi/lib/thumb/v7-m/nofp/libc_nano.a
LOAD /usr/lib/gcc/arm-none-eabi/12.2.0/../../../../arm-none-eabi/lib/thumb/v7-m/nofp/libnosys.a
END GROUP
START GROUP
LOAD /usr/lib/gcc/arm-none-eabi/12.2.0/thumb/v7-m/nofp/libgcc.a
LOAD /usr/lib/gcc/arm-none-eabi/12.2.0/../../../../arm-none-eabi/lib/thumb/v7-m/nofp/libc_nano.a
LOAD /usr/lib/gcc/arm-none-eabi/12.2.0/../../../../arm-none-eabi/lib/thumb/v7-m/nofp/libnosys.a
END GROUP
LOAD /usr/lib/gcc/arm-none-eabi/12.2.0/thumb/v7-m/nofp/crtend.o
LOAD /usr/lib/gcc/arm-none-eabi/12.2.0/thumb/v7-m/nofp/crtn.o
                0x0000000020005000                _estack = (ORIGIN (RAM) + LENGTH (RAM))
                0x0000000000000200                _Min_Heap_Size = 0x200
                0x0000000000000400                _Min_Stack_Size = 0x400

.isr_vector     0x0000000008000000      0x10c
                0x0000000008000000                . = ALIGN (0x4)
 *(.isr_vector)
 .isr_vector    0x0000000008000000      0x10c ./Core/Startup/startup_stm32f103r8tx.o
                0x0000000008000000                g_pfnVectors
                0x000000000800010c                . = ALIGN (0x4)

.text           0x0000000008000110     0x8904
                0x0000000008000110                . = ALIGN (0x4)
 *(.text)
 .text          0x0000000008000110      0x378 /usr/lib/gcc/arm-none-eabi/12.2.0/thumb/v7-m/nofp/libgcc.a(_arm_addsubdf3.o)
                0x0000000008000110                __aeabi_drsub
                0x0000000008000118                __aeabi_dsub
                0x0000000008000118                __subdf3
                0x000000000800011c                __adddf3
                0x000000000800011c                __aeabi_dadd
                0x0000000008000394                __aeabi_ui2d
                0x0000000008000394                __floatunsidf
                0x00000000080003b4                __floatsidf
                0x00000000080003b4                __aeabi_i2d
                0x00000000080003d8                __extendsfdf2
                0x00000000080003d8                __aeabi_f2d
                0x000000000800041c                __aeabi_ul2d
                0x000000000800041c                __floatundidf
                0x000000000800042c                __floatdidf
                0x000000000800042c                __aeabi_l2d
 .text          0x0000000008000488      0x424 /usr/lib/gcc/arm-none-eabi/12.2.0/thumb/v7-m/nofp/libgcc.a(_arm_muldivdf3.o)
                0x0000000008000488                __aeabi_dmul
                0x0000000008000488                __muldf3
                0x00000000080006dc                __aeabi_ddiv
                0x00000000080006dc                __divdf3
 .text          0x00000000080008ac      0x110 /usr/lib/gcc/arm-none-eabi/12.2.0/thumb/v7-m/nofp/libgcc.a(_arm_cmpdf2.o)
                0x00000000080008ac                __gtdf2
                0x00000000080008ac                __gedf2
                0x00000000080008b4                __ltdf2
                0x00000000080008b4                __ledf2
                0x00000000080008bc                __cmpdf2
                0x00000000080008bc                __eqdf2
                0x00000000080008bc                __nedf2
                0x0000000008000938                __aeabi_cdrcmple
                0x0000000008000948                __aeabi_cdcmple
                0x0000000008000948                __aeabi_cdcmpeq
                0x0000000008000958                __aeabi_dcmpeq
                0x000000000800096c                __aeabi_dcmplt
                0x0000000008000980                __aeabi_dcmple
                0x0000000008000994                __aeabi_dcmpge
                0x00000000080009a8                __aeabi_dcmpgt
 .text          0x00000000080009bc       0x2c /usr/lib/gcc/arm-none-eabi/12.2.0/thumb/v7-m/nofp/libgcc.a(_arm_unorddf2.o)
                0x00000000080009bc                __aeabi_dcmpun
                0x00000000080009bc                __unorddf2
 .text          0x00000000080009e8       0x50 /usr/lib/gcc/arm-none-eabi/12.2.0/thumb/v7-m/nofp/libgcc.a(_arm_fixdfsi.o)
                0x00000000080009e8                __fixdfsi
                0x00000000080009e8                __aeabi_d2iz
 .text          0x0000000008000a38       0x40 /usr/lib/gcc/arm-none-eabi/12.2.0/thumb/v7-m/nofp/libgcc.a(_arm_fixunsdfsi.o)
                0x0000000008000a38                __fixunsdfsi
                0x0000000008000a38                __aeabi_d2uiz
 .text          0x0000000008000a78       0xa0 /usr/lib/gcc/arm-none-eabi/12.2.0/thumb/v7-m/nofp/libgcc.a(_arm_truncdfsf2.o)
                0x0000000008000a78                __aeabi_d2f
                0x0000000008000a78                __truncdfsf2
 .text          0x0000000008000b18      0x21c /usr/lib/gcc/arm-none-eabi/12.2.0/thumb/v7-m/nofp/libgcc.a(_arm_addsubsf3.o)
                0x0000000008000b18                __aeabi_frsub
                0x0000000008000b20                __subsf3
                0x0000000008000b20                __aeabi_fsub
                0x0000000008000b24                __aeabi_fadd
                0x0000000008000b24                __addsf3
                0x0000000008000c84                __aeabi_ui2f
                0x0000000008000c84                __floatunsisf
                0x0000000008000c8c                __aeabi_i2f
                0x0000000008000c8c                __floatsisf
                0x0000000008000ca8                __floatundisf
                0x0000000008000ca8                __aeabi_ul2f
                0x0000000008000cb8                __floatdisf
                0x0000000008000cb8                __aeabi_l2f
 .text          0x0000000008000d34      0x2a0 /usr/lib/gcc/arm-none-eabi/12.2.0/thumb/v7-m/nofp/libgcc.a(_arm_muldivsf3.o)
                0x0000000008000d34                __mulsf3
                0x0000000008000d34                __aeabi_fmul
                0x0000000008000e9c                __divsf3
                0x0000000008000e9c                __aeabi_fdiv
 .text          0x0000000008000fd4       0xec /usr/lib/gcc/arm-none-eabi/12.2.0/thumb/v7-m/nofp/libgcc.a(_arm_cmpsf2.o)
                0x0000000008000fd4                __gtsf2
                0x0000000008000fd4                __gesf2
                0x0000000008000fdc                __lesf2
                0x0000000008000fdc                __ltsf2
                0x0000000008000fe4                __nesf2
                0x0000000008000fe4                __eqsf2
                0x0000000008000fe4                __cmpsf2
                0x0000000008001044                __aeabi_cfrcmple
                0x000000000800104c                __aeabi_cfcmple
                0x000000000800104c                __aeabi_cfcmpeq
                0x000000000800105c                __aeabi_fcmpeq
                0x0000000008001070                __aeabi_fcmplt
                0x0000000008001084                __aeabi_fcmple
                0x0000000008001098                __aeabi_fcmpge
                0x00000000080010ac                __aeabi_fcmpgt
 *(.text*)
 .text.__do_global_dtors_aux
                0x00000000080010c0       0x24 /usr/lib/gcc/arm-none-eabi/12.2.0/thumb/v7-m/nofp/crtbegin.o
 .text.frame_dummy
                0x00000000080010e4       0x1c /usr/lib/gcc/arm-none-eabi/12.2.0/thumb/v7-m/nofp/crtbegin.o
 .text.MX_GPIO_Init
                0x0000000008001100      0x1b4 ./Core/Src/gpio.o
                0x0000000008001100                MX_GPIO_Init
 .text.MX_I2C2_Init
                0x00000000080012b4       0x5c ./Core/Src/i2c.o
                0x00000000080012b4                MX_I2C2_Init
 .text.HAL_I2C_MspInit
                0x0000000008001310       0x80 ./Core/Src/i2c.o
                0x0000000008001310                HAL_I2C_MspInit
 .text.PWM      0x0000000008001390       0x84 ./Core/Src/main.o
                0x0000000008001390                PWM
 .text.CollibrateMpu6050
                0x0000000008001414      0x144 ./Core/Src/main.o
                0x0000000008001414                CollibrateMpu6050
 .text.ReadMPU6050
                0x0000000008001558      0x264 ./Core/Src/main.o
                0x0000000008001558                ReadMPU6050
 *fill*         0x00000000080017bc        0x4 
 .text.GotoPoint
                0x00000000080017c0      0x25c ./Core/Src/main.o
                0x00000000080017c0                GotoPoint
 .text.getBallPosiotion
                0x0000000008001a1c      0x17c ./Core/Src/main.o
                0x0000000008001a1c                getBallPosiotion
 .text.GetBall  0x0000000008001b98      0x2b4 ./Core/Src/main.o
                0x0000000008001b98                GetBall
 .text.HAL_TIM_PeriodElapsedCallback
                0x0000000008001e4c       0x68 ./Core/Src/main.o
                0x0000000008001e4c                HAL_TIM_PeriodElapsedCallback
 .text.HAL_GPIO_EXTI_Callback
                0x0000000008001eb4       0x30 ./Core/Src/main.o
                0x0000000008001eb4                HAL_GPIO_EXTI_Callback
 .text.main     0x0000000008001ee4      0x150 ./Core/Src/main.o
                0x0000000008001ee4                main
 .text.SystemClock_Config
                0x0000000008002034       0x82 ./Core/Src/main.o
                0x0000000008002034                SystemClock_Config
 .text.Error_Handler
                0x00000000080020b6        0xc ./Core/Src/main.o
                0x00000000080020b6                Error_Handler
 .text.MPU6050_Init
                0x00000000080020c2       0xcc ./Core/Src/mpu6050.o
                0x00000000080020c2                MPU6050_Init
 *fill*         0x000000000800218e        0x2 
 .text.MPU6050_Read_All
                0x0000000008002190      0x484 ./Core/Src/mpu6050.o
                0x0000000008002190                MPU6050_Read_All
 .text.Kalman_getAngle
                0x0000000008002614      0x2a6 ./Core/Src/mpu6050.o
                0x0000000008002614                Kalman_getAngle
 *fill*         0x00000000080028ba        0x2 
 .text.MahonyAHRSupdateIMU
                0x00000000080028bc      0x5e0 ./Core/Src/mpu6050.o
                0x00000000080028bc                MahonyAHRSupdateIMU
 .text.invSqrt  0x0000000008002e9c       0x78 ./Core/Src/mpu6050.o
                0x0000000008002e9c                invSqrt
 .text.MX_SPI1_Init
                0x0000000008002f14       0x6c ./Core/Src/spi.o
                0x0000000008002f14                MX_SPI1_Init
 .text.HAL_SPI_MspInit
                0x0000000008002f80       0xb4 ./Core/Src/spi.o
                0x0000000008002f80                HAL_SPI_MspInit
 .text.HAL_MspInit
                0x0000000008003034       0x64 ./Core/Src/stm32f1xx_hal_msp.o
                0x0000000008003034                HAL_MspInit
 .text.NMI_Handler
                0x0000000008003098        0x8 ./Core/Src/stm32f1xx_it.o
                0x0000000008003098                NMI_Handler
 .text.HardFault_Handler
                0x00000000080030a0        0x8 ./Core/Src/stm32f1xx_it.o
                0x00000000080030a0                HardFault_Handler
 .text.MemManage_Handler
                0x00000000080030a8        0x8 ./Core/Src/stm32f1xx_it.o
                0x00000000080030a8                MemManage_Handler
 .text.BusFault_Handler
                0x00000000080030b0        0x8 ./Core/Src/stm32f1xx_it.o
                0x00000000080030b0                BusFault_Handler
 .text.UsageFault_Handler
                0x00000000080030b8        0x8 ./Core/Src/stm32f1xx_it.o
                0x00000000080030b8                UsageFault_Handler
 .text.SVC_Handler
                0x00000000080030c0        0xc ./Core/Src/stm32f1xx_it.o
                0x00000000080030c0                SVC_Handler
 .text.DebugMon_Handler
                0x00000000080030cc        0xc ./Core/Src/stm32f1xx_it.o
                0x00000000080030cc                DebugMon_Handler
 .text.PendSV_Handler
                0x00000000080030d8        0xc ./Core/Src/stm32f1xx_it.o
                0x00000000080030d8                PendSV_Handler
 .text.SysTick_Handler
                0x00000000080030e4        0xc ./Core/Src/stm32f1xx_it.o
                0x00000000080030e4                SysTick_Handler
 .text.EXTI0_IRQHandler
                0x00000000080030f0        0xe ./Core/Src/stm32f1xx_it.o
                0x00000000080030f0                EXTI0_IRQHandler
 .text.EXTI1_IRQHandler
                0x00000000080030fe        0xe ./Core/Src/stm32f1xx_it.o
                0x00000000080030fe                EXTI1_IRQHandler
 .text.EXTI2_IRQHandler
                0x000000000800310c        0xe ./Core/Src/stm32f1xx_it.o
                0x000000000800310c                EXTI2_IRQHandler
 .text.EXTI3_IRQHandler
                0x000000000800311a        0xe ./Core/Src/stm32f1xx_it.o
                0x000000000800311a                EXTI3_IRQHandler
 .text.TIM4_IRQHandler
                0x0000000008003128       0x14 ./Core/Src/stm32f1xx_it.o
                0x0000000008003128                TIM4_IRQHandler
 .text.SystemInit
                0x000000000800313c        0xc ./Core/Src/system_stm32f1xx.o
                0x000000000800313c                SystemInit
 .text.MX_TIM1_Init
                0x0000000008003148      0x170 ./Core/Src/tim.o
                0x0000000008003148                MX_TIM1_Init
 .text.MX_TIM2_Init
                0x00000000080032b8       0xe8 ./Core/Src/tim.o
                0x00000000080032b8                MX_TIM2_Init
 .text.MX_TIM3_Init
                0x00000000080033a0       0x9c ./Core/Src/tim.o
                0x00000000080033a0                MX_TIM3_Init
 .text.MX_TIM4_Init
                0x000000000800343c       0x9c ./Core/Src/tim.o
                0x000000000800343c                MX_TIM4_Init
 .text.HAL_TIM_Base_MspInit
                0x00000000080034d8       0xc0 ./Core/Src/tim.o
                0x00000000080034d8                HAL_TIM_Base_MspInit
 .text.HAL_TIM_MspPostInit
                0x0000000008003598       0xa4 ./Core/Src/tim.o
                0x0000000008003598                HAL_TIM_MspPostInit
 .text.Reset_Handler
                0x000000000800363c       0x48 ./Core/Startup/startup_stm32f103r8tx.o
                0x000000000800363c                Reset_Handler
 .text.Default_Handler
                0x0000000008003684        0x2 ./Core/Startup/startup_stm32f103r8tx.o
                0x0000000008003684                RTC_Alarm_IRQHandler
                0x0000000008003684                TIM1_CC_IRQHandler
                0x0000000008003684                PVD_IRQHandler
                0x0000000008003684                I2C2_EV_IRQHandler
                0x0000000008003684                ADC1_2_IRQHandler
                0x0000000008003684                SPI1_IRQHandler
                0x0000000008003684                TAMPER_IRQHandler
                0x0000000008003684                DMA1_Channel4_IRQHandler
                0x0000000008003684                USART3_IRQHandler
                0x0000000008003684                RTC_IRQHandler
                0x0000000008003684                DMA1_Channel7_IRQHandler
                0x0000000008003684                CAN1_RX1_IRQHandler
                0x0000000008003684                I2C1_EV_IRQHandler
                0x0000000008003684                DMA1_Channel6_IRQHandler
                0x0000000008003684                TIM3_IRQHandler
                0x0000000008003684                RCC_IRQHandler
                0x0000000008003684                TIM1_TRG_COM_IRQHandler
                0x0000000008003684                DMA1_Channel1_IRQHandler
                0x0000000008003684                Default_Handler
                0x0000000008003684                EXTI15_10_IRQHandler
                0x0000000008003684                EXTI9_5_IRQHandler
                0x0000000008003684                SPI2_IRQHandler
                0x0000000008003684                DMA1_Channel5_IRQHandler
                0x0000000008003684                EXTI4_IRQHandler
                0x0000000008003684                USB_LP_CAN1_RX0_IRQHandler
                0x0000000008003684                USB_HP_CAN1_TX_IRQHandler
                0x0000000008003684                DMA1_Channel3_IRQHandler
                0x0000000008003684                TIM1_UP_IRQHandler
                0x0000000008003684                WWDG_IRQHandler
                0x0000000008003684                TIM2_IRQHandler
                0x0000000008003684                TIM1_BRK_IRQHandler
                0x0000000008003684                USART2_IRQHandler
                0x0000000008003684                I2C2_ER_IRQHandler
                0x0000000008003684                DMA1_Channel2_IRQHandler
                0x0000000008003684                CAN1_SCE_IRQHandler
                0x0000000008003684                FLASH_IRQHandler
                0x0000000008003684                USART1_IRQHandler
                0x0000000008003684                I2C1_ER_IRQHandler
                0x0000000008003684                USBWakeUp_IRQHandler
 *fill*         0x0000000008003686        0x2 
 .text.HAL_Init
                0x0000000008003688       0x2c ./Drivers/STM32F1xx_HAL_Driver/Src/stm32f1xx_hal.o
                0x0000000008003688                HAL_Init
 .text.HAL_InitTick
                0x00000000080036b4       0x60 ./Drivers/STM32F1xx_HAL_Driver/Src/stm32f1xx_hal.o
                0x00000000080036b4                HAL_InitTick
 .text.HAL_IncTick
                0x0000000008003714       0x24 ./Drivers/STM32F1xx_HAL_Driver/Src/stm32f1xx_hal.o
                0x0000000008003714                HAL_IncTick
 .text.HAL_GetTick
                0x0000000008003738       0x14 ./Drivers/STM32F1xx_HAL_Driver/Src/stm32f1xx_hal.o
                0x0000000008003738                HAL_GetTick
 .text.HAL_Delay
                0x000000000800374c       0x48 ./Drivers/STM32F1xx_HAL_Driver/Src/stm32f1xx_hal.o
                0x000000000800374c                HAL_Delay
 .text.__NVIC_SetPriorityGrouping
                0x0000000008003794       0x48 ./Drivers/STM32F1xx_HAL_Driver/Src/stm32f1xx_hal_cortex.o
 .text.__NVIC_GetPriorityGrouping
                0x00000000080037dc       0x1c ./Drivers/STM32F1xx_HAL_Driver/Src/stm32f1xx_hal_cortex.o
 .text.__NVIC_EnableIRQ
                0x00000000080037f8       0x38 ./Drivers/STM32F1xx_HAL_Driver/Src/stm32f1xx_hal_cortex.o
 .text.__NVIC_SetPriority
                0x0000000008003830       0x54 ./Drivers/STM32F1xx_HAL_Driver/Src/stm32f1xx_hal_cortex.o
 .text.NVIC_EncodePriority
                0x0000000008003884       0x64 ./Drivers/STM32F1xx_HAL_Driver/Src/stm32f1xx_hal_cortex.o
 .text.SysTick_Config
                0x00000000080038e8       0x44 ./Drivers/STM32F1xx_HAL_Driver/Src/stm32f1xx_hal_cortex.o
 .text.HAL_NVIC_SetPriorityGrouping
                0x000000000800392c       0x16 ./Drivers/STM32F1xx_HAL_Driver/Src/stm32f1xx_hal_cortex.o
                0x000000000800392c                HAL_NVIC_SetPriorityGrouping
 .text.HAL_NVIC_SetPriority
                0x0000000008003942       0x38 ./Drivers/STM32F1xx_HAL_Driver/Src/stm32f1xx_hal_cortex.o
                0x0000000008003942                HAL_NVIC_SetPriority
 .text.HAL_NVIC_EnableIRQ
                0x000000000800397a       0x1c ./Drivers/STM32F1xx_HAL_Driver/Src/stm32f1xx_hal_cortex.o
                0x000000000800397a                HAL_NVIC_EnableIRQ
 .text.HAL_SYSTICK_Config
                0x0000000008003996       0x18 ./Drivers/STM32F1xx_HAL_Driver/Src/stm32f1xx_hal_cortex.o
                0x0000000008003996                HAL_SYSTICK_Config
 *fill*         0x00000000080039ae        0x2 
 .text.HAL_GPIO_Init
                0x00000000080039b0      0x308 ./Drivers/STM32F1xx_HAL_Driver/Src/stm32f1xx_hal_gpio.o
                0x00000000080039b0                HAL_GPIO_Init
 .text.HAL_GPIO_WritePin
                0x0000000008003cb8       0x30 ./Drivers/STM32F1xx_HAL_Driver/Src/stm32f1xx_hal_gpio.o
                0x0000000008003cb8                HAL_GPIO_WritePin
 .text.HAL_GPIO_TogglePin
                0x0000000008003ce8       0x32 ./Drivers/STM32F1xx_HAL_Driver/Src/stm32f1xx_hal_gpio.o
                0x0000000008003ce8                HAL_GPIO_TogglePin
 *fill*         0x0000000008003d1a        0x2 
 .text.HAL_GPIO_EXTI_IRQHandler
                0x0000000008003d1c       0x30 ./Drivers/STM32F1xx_HAL_Driver/Src/stm32f1xx_hal_gpio.o
                0x0000000008003d1c                HAL_GPIO_EXTI_IRQHandler
 .text.HAL_I2C_Init
                0x0000000008003d4c      0x288 ./Drivers/STM32F1xx_HAL_Driver/Src/stm32f1xx_hal_i2c.o
                0x0000000008003d4c                HAL_I2C_Init
 .text.HAL_I2C_Mem_Write
                0x0000000008003fd4      0x1f4 ./Drivers/STM32F1xx_HAL_Driver/Src/stm32f1xx_hal_i2c.o
                0x0000000008003fd4                HAL_I2C_Mem_Write
 .text.HAL_I2C_Mem_Read
                0x00000000080041c8      0x4d0 ./Drivers/STM32F1xx_HAL_Driver/Src/stm32f1xx_hal_i2c.o
                0x00000000080041c8                HAL_I2C_Mem_Read
 .text.I2C_RequestMemoryWrite
                0x0000000008004698      0x12c ./Drivers/STM32F1xx_HAL_Driver/Src/stm32f1xx_hal_i2c.o
 .text.I2C_RequestMemoryRead
                0x00000000080047c4      0x1d0 ./Drivers/STM32F1xx_HAL_Driver/Src/stm32f1xx_hal_i2c.o
 .text.I2C_WaitOnFlagUntilTimeout
                0x0000000008004994       0xae ./Drivers/STM32F1xx_HAL_Driver/Src/stm32f1xx_hal_i2c.o
 .text.I2C_WaitOnMasterAddressFlagUntilTimeout
                0x0000000008004a42       0xfe ./Drivers/STM32F1xx_HAL_Driver/Src/stm32f1xx_hal_i2c.o
 .text.I2C_WaitOnTXEFlagUntilTimeout
                0x0000000008004b40       0x82 ./Drivers/STM32F1xx_HAL_Driver/Src/stm32f1xx_hal_i2c.o
 .text.I2C_WaitOnBTFFlagUntilTimeout
                0x0000000008004bc2       0x82 ./Drivers/STM32F1xx_HAL_Driver/Src/stm32f1xx_hal_i2c.o
 .text.I2C_WaitOnRXNEFlagUntilTimeout
                0x0000000008004c44       0xac ./Drivers/STM32F1xx_HAL_Driver/Src/stm32f1xx_hal_i2c.o
 .text.I2C_IsAcknowledgeFailed
                0x0000000008004cf0       0x5c ./Drivers/STM32F1xx_HAL_Driver/Src/stm32f1xx_hal_i2c.o
 .text.HAL_RCC_OscConfig
                0x0000000008004d4c      0x504 ./Drivers/STM32F1xx_HAL_Driver/Src/stm32f1xx_hal_rcc.o
                0x0000000008004d4c                HAL_RCC_OscConfig
 .text.HAL_RCC_ClockConfig
                0x0000000008005250      0x1d4 ./Drivers/STM32F1xx_HAL_Driver/Src/stm32f1xx_hal_rcc.o
                0x0000000008005250                HAL_RCC_ClockConfig
 .text.HAL_RCC_GetSysClockFreq
                0x0000000008005424       0xbc ./Drivers/STM32F1xx_HAL_Driver/Src/stm32f1xx_hal_rcc.o
                0x0000000008005424                HAL_RCC_GetSysClockFreq
 .text.HAL_RCC_GetHCLKFreq
                0x00000000080054e0       0x14 ./Drivers/STM32F1xx_HAL_Driver/Src/stm32f1xx_hal_rcc.o
                0x00000000080054e0                HAL_RCC_GetHCLKFreq
 .text.HAL_RCC_GetPCLK1Freq
                0x00000000080054f4       0x28 ./Drivers/STM32F1xx_HAL_Driver/Src/stm32f1xx_hal_rcc.o
                0x00000000080054f4                HAL_RCC_GetPCLK1Freq
 .text.RCC_Delay
                0x000000000800551c       0x3c ./Drivers/STM32F1xx_HAL_Driver/Src/stm32f1xx_hal_rcc.o
 .text.HAL_SPI_Init
                0x0000000008005558      0x108 ./Drivers/STM32F1xx_HAL_Driver/Src/stm32f1xx_hal_spi.o
                0x0000000008005558                HAL_SPI_Init
 .text.HAL_SPI_Transmit
                0x0000000008005660      0x278 ./Drivers/STM32F1xx_HAL_Driver/Src/stm32f1xx_hal_spi.o
                0x0000000008005660                HAL_SPI_Transmit
 .text.HAL_SPI_Receive
                0x00000000080058d8      0x222 ./Drivers/STM32F1xx_HAL_Driver/Src/stm32f1xx_hal_spi.o
                0x00000000080058d8                HAL_SPI_Receive
 .text.HAL_SPI_TransmitReceive
                0x0000000008005afa      0x344 ./Drivers/STM32F1xx_HAL_Driver/Src/stm32f1xx_hal_spi.o
                0x0000000008005afa                HAL_SPI_TransmitReceive
 *fill*         0x0000000008005e3e        0x2 
 .text.SPI_WaitFlagStateUntilTimeout
                0x0000000008005e40      0x110 ./Drivers/STM32F1xx_HAL_Driver/Src/stm32f1xx_hal_spi.o
 .text.SPI_EndRxTransaction
                0x0000000008005f50       0xa4 ./Drivers/STM32F1xx_HAL_Driver/Src/stm32f1xx_hal_spi.o
 .text.SPI_EndRxTxTransaction
                0x0000000008005ff4       0x3c ./Drivers/STM32F1xx_HAL_Driver/Src/stm32f1xx_hal_spi.o
 .text.HAL_TIM_Base_Init
                0x0000000008006030       0x9e ./Drivers/STM32F1xx_HAL_Driver/Src/stm32f1xx_hal_tim.o
                0x0000000008006030                HAL_TIM_Base_Init
 *fill*         0x00000000080060ce        0x2 
 .text.HAL_TIM_Base_Start
                0x00000000080060d0       0x94 ./Drivers/STM32F1xx_HAL_Driver/Src/stm32f1xx_hal_tim.o
                0x00000000080060d0                HAL_TIM_Base_Start
 .text.HAL_TIM_Base_Start_IT
                0x0000000008006164       0xa4 ./Drivers/STM32F1xx_HAL_Driver/Src/stm32f1xx_hal_tim.o
                0x0000000008006164                HAL_TIM_Base_Start_IT
 .text.HAL_TIM_PWM_Init
                0x0000000008006208       0x9e ./Drivers/STM32F1xx_HAL_Driver/Src/stm32f1xx_hal_tim.o
                0x0000000008006208                HAL_TIM_PWM_Init
 .text.HAL_TIM_PWM_MspInit
                0x00000000080062a6       0x12 ./Drivers/STM32F1xx_HAL_Driver/Src/stm32f1xx_hal_tim.o
                0x00000000080062a6                HAL_TIM_PWM_MspInit
 .text.HAL_TIM_PWM_Start
                0x00000000080062b8      0x144 ./Drivers/STM32F1xx_HAL_Driver/Src/stm32f1xx_hal_tim.o
                0x00000000080062b8                HAL_TIM_PWM_Start
 .text.HAL_TIM_IRQHandler
                0x00000000080063fc      0x210 ./Drivers/STM32F1xx_HAL_Driver/Src/stm32f1xx_hal_tim.o
                0x00000000080063fc                HAL_TIM_IRQHandler
 .text.HAL_TIM_PWM_ConfigChannel
                0x000000000800660c      0x17c ./Drivers/STM32F1xx_HAL_Driver/Src/stm32f1xx_hal_tim.o
                0x000000000800660c                HAL_TIM_PWM_ConfigChannel
 .text.HAL_TIM_ConfigClockSource
                0x0000000008006788      0x188 ./Drivers/STM32F1xx_HAL_Driver/Src/stm32f1xx_hal_tim.o
                0x0000000008006788                HAL_TIM_ConfigClockSource
 .text.HAL_TIM_OC_DelayElapsedCallback
                0x0000000008006910       0x12 ./Drivers/STM32F1xx_HAL_Driver/Src/stm32f1xx_hal_tim.o
                0x0000000008006910                HAL_TIM_OC_DelayElapsedCallback
 .text.HAL_TIM_IC_CaptureCallback
                0x0000000008006922       0x12 ./Drivers/STM32F1xx_HAL_Driver/Src/stm32f1xx_hal_tim.o
                0x0000000008006922                HAL_TIM_IC_CaptureCallback
 .text.HAL_TIM_PWM_PulseFinishedCallback
                0x0000000008006934       0x12 ./Drivers/STM32F1xx_HAL_Driver/Src/stm32f1xx_hal_tim.o
                0x0000000008006934                HAL_TIM_PWM_PulseFinishedCallback
 .text.HAL_TIM_TriggerCallback
                0x0000000008006946       0x12 ./Drivers/STM32F1xx_HAL_Driver/Src/stm32f1xx_hal_tim.o
                0x0000000008006946                HAL_TIM_TriggerCallback
 .text.TIM_Base_SetConfig
                0x0000000008006958       0xc4 ./Drivers/STM32F1xx_HAL_Driver/Src/stm32f1xx_hal_tim.o
                0x0000000008006958                TIM_Base_SetConfig
 .text.TIM_OC1_SetConfig
                0x0000000008006a1c       0xcc ./Drivers/STM32F1xx_HAL_Driver/Src/stm32f1xx_hal_tim.o
 .text.TIM_OC2_SetConfig
                0x0000000008006ae8       0xd4 ./Drivers/STM32F1xx_HAL_Driver/Src/stm32f1xx_hal_tim.o
                0x0000000008006ae8                TIM_OC2_SetConfig
 .text.TIM_OC3_SetConfig
                0x0000000008006bbc       0xd4 ./Drivers/STM32F1xx_HAL_Driver/Src/stm32f1xx_hal_tim.o
 .text.TIM_OC4_SetConfig
                0x0000000008006c90       0x9c ./Drivers/STM32F1xx_HAL_Driver/Src/stm32f1xx_hal_tim.o
 .text.TIM_TI1_ConfigInputStage
                0x0000000008006d2c       0x5c ./Drivers/STM32F1xx_HAL_Driver/Src/stm32f1xx_hal_tim.o
 .text.TIM_TI2_ConfigInputStage
                0x0000000008006d88       0x5e ./Drivers/STM32F1xx_HAL_Driver/Src/stm32f1xx_hal_tim.o
 .text.TIM_ITRx_SetConfig
                0x0000000008006de6       0x34 ./Drivers/STM32F1xx_HAL_Driver/Src/stm32f1xx_hal_tim.o
 .text.TIM_ETR_SetConfig
                0x0000000008006e1a       0x3e ./Drivers/STM32F1xx_HAL_Driver/Src/stm32f1xx_hal_tim.o
                0x0000000008006e1a                TIM_ETR_SetConfig
 .text.TIM_CCxChannelCmd
                0x0000000008006e58       0x48 ./Drivers/STM32F1xx_HAL_Driver/Src/stm32f1xx_hal_tim.o
                0x0000000008006e58                TIM_CCxChannelCmd
 .text.HAL_TIMEx_MasterConfigSynchronization
                0x0000000008006ea0       0xbc ./Drivers/STM32F1xx_HAL_Driver/Src/stm32f1xx_hal_tim_ex.o
                0x0000000008006ea0                HAL_TIMEx_MasterConfigSynchronization
 .text.HAL_TIMEx_ConfigBreakDeadTime
                0x0000000008006f5c       0xa2 ./Drivers/STM32F1xx_HAL_Driver/Src/stm32f1xx_hal_tim_ex.o
                0x0000000008006f5c                HAL_TIMEx_ConfigBreakDeadTime
 .text.HAL_TIMEx_CommutCallback
                0x0000000008006ffe       0x12 ./Drivers/STM32F1xx_HAL_Driver/Src/stm32f1xx_hal_tim_ex.o
                0x0000000008006ffe                HAL_TIMEx_CommutCallback
 .text.HAL_TIMEx_BreakCallback
                0x0000000008007010       0x12 ./Drivers/STM32F1xx_HAL_Driver/Src/stm32f1xx_hal_tim_ex.o
                0x0000000008007010                HAL_TIMEx_BreakCallback
 .text.memset   0x0000000008007022       0x10 /usr/lib/gcc/arm-none-eabi/12.2.0/../../../../arm-none-eabi/lib/thumb/v7-m/nofp/libc_nano.a(libc_a-memset.o)
                0x0000000008007022                memset
 *fill*         0x0000000008007032        0x2 
 .text.__errno  0x0000000008007034        0xc /usr/lib/gcc/arm-none-eabi/12.2.0/../../../../arm-none-eabi/lib/thumb/v7-m/nofp/libc_nano.a(libc_a-errno.o)
                0x0000000008007034                __errno
 .text.__libc_init_array
                0x0000000008007040       0x48 /usr/lib/gcc/arm-none-eabi/12.2.0/../../../../arm-none-eabi/lib/thumb/v7-m/nofp/libc_nano.a(libc_a-init.o)
                0x0000000008007040                __libc_init_array
 .text.atan2    0x0000000008007088        0x4 /usr/lib/gcc/arm-none-eabi/12.2.0/../../../../arm-none-eabi/lib/thumb/v7-m/nofp/libm.a(libm_a-w_atan2.o)
                0x0000000008007088                atan2
 .text.sqrt     0x000000000800708c       0x50 /usr/lib/gcc/arm-none-eabi/12.2.0/../../../../arm-none-eabi/lib/thumb/v7-m/nofp/libm.a(libm_a-w_sqrt.o)
                0x000000000800708c                sqrt
 *fill*         0x00000000080070dc        0x4 
 .text.atan     0x00000000080070e0      0x308 /usr/lib/gcc/arm-none-eabi/12.2.0/../../../../arm-none-eabi/lib/thumb/v7-m/nofp/libm.a(libm_a-s_atan.o)
                0x00000000080070e0                atan
 .text.fabs     0x00000000080073e8        0x8 /usr/lib/gcc/arm-none-eabi/12.2.0/../../../../arm-none-eabi/lib/thumb/v7-m/nofp/libm.a(libm_a-s_fabs.o)
                0x00000000080073e8                fabs
 .text.sin      0x00000000080073f0       0x94 /usr/lib/gcc/arm-none-eabi/12.2.0/../../../../arm-none-eabi/lib/thumb/v7-m/nofp/libm.a(libm_a-s_sin.o)
                0x00000000080073f0                sin
 .text.__ieee754_sqrt
                0x0000000008007484      0x1dc /usr/lib/gcc/arm-none-eabi/12.2.0/../../../../arm-none-eabi/lib/thumb/v7-m/nofp/libm.a(libm_a-e_sqrt.o)
                0x0000000008007484                __ieee754_sqrt
 .text.floor    0x0000000008007660      0x108 /usr/lib/gcc/arm-none-eabi/12.2.0/../../../../arm-none-eabi/lib/thumb/v7-m/nofp/libm.a(libm_a-s_floor.o)
                0x0000000008007660                floor
 .text.__kernel_cos
                0x0000000008007768      0x250 /usr/lib/gcc/arm-none-eabi/12.2.0/../../../../arm-none-eabi/lib/thumb/v7-m/nofp/libm.a(libm_a-k_cos.o)
                0x0000000008007768                __kernel_cos
 .text.__kernel_sin
                0x00000000080079b8      0x16c /usr/lib/gcc/arm-none-eabi/12.2.0/../../../../arm-none-eabi/lib/thumb/v7-m/nofp/libm.a(libm_a-k_sin.o)
                0x00000000080079b8                __kernel_sin
 *fill*         0x0000000008007b24        0x4 
 .text.__ieee754_atan2
                0x0000000008007b28      0x194 /usr/lib/gcc/arm-none-eabi/12.2.0/../../../../arm-none-eabi/lib/thumb/v7-m/nofp/libm.a(libm_a-e_atan2.o)
                0x0000000008007b28                __ieee754_atan2
 *fill*         0x0000000008007cbc        0x4 
 .text.__ieee754_rem_pio2
                0x0000000008007cc0      0x41c /usr/lib/gcc/arm-none-eabi/12.2.0/../../../../arm-none-eabi/lib/thumb/v7-m/nofp/libm.a(libm_a-e_rem_pio2.o)
                0x0000000008007cc0                __ieee754_rem_pio2
 .text.__kernel_rem_pio2
                0x00000000080080dc      0x81c /usr/lib/gcc/arm-none-eabi/12.2.0/../../../../arm-none-eabi/lib/thumb/v7-m/nofp/libm.a(libm_a-k_rem_pio2.o)
                0x00000000080080dc                __kernel_rem_pio2
 .text.scalbn   0x00000000080088f8      0x104 /usr/lib/gcc/arm-none-eabi/12.2.0/../../../../arm-none-eabi/lib/thumb/v7-m/nofp/libm.a(libm_a-s_scalbn.o)
                0x00000000080088f8                scalbn
 *(.glue_7)
 .glue_7        0x00000000080089fc        0x0 linker stubs
 *(.glue_7t)
 .glue_7t       0x00000000080089fc        0x0 linker stubs
 *(.eh_frame)
 .eh_frame      0x00000000080089fc        0x0 /usr/lib/gcc/arm-none-eabi/12.2.0/thumb/v7-m/nofp/crtbegin.o
 *(.init)
 .init          0x00000000080089fc        0x4 /usr/lib/gcc/arm-none-eabi/12.2.0/thumb/v7-m/nofp/crti.o
                0x00000000080089fc                _init
 .init          0x0000000008008a00        0x8 /usr/lib/gcc/arm-none-eabi/12.2.0/thumb/v7-m/nofp/crtn.o
 *(.fini)
 .fini          0x0000000008008a08        0x4 /usr/lib/gcc/arm-none-eabi/12.2.0/thumb/v7-m/nofp/crti.o
                0x0000000008008a08                _fini
 .fini          0x0000000008008a0c        0x8 /usr/lib/gcc/arm-none-eabi/12.2.0/thumb/v7-m/nofp/crtn.o
                0x0000000008008a14                . = ALIGN (0x4)
                0x0000000008008a14                _etext = .

.vfp11_veneer   0x0000000008008a14        0x0
 .vfp11_veneer  0x0000000008008a14        0x0 linker stubs

.v4_bx          0x0000000008008a14        0x0
 .v4_bx         0x0000000008008a14        0x0 linker stubs

.iplt           0x0000000008008a14        0x0
 .iplt          0x0000000008008a14        0x0 /usr/lib/gcc/arm-none-eabi/12.2.0/thumb/v7-m/nofp/crtbegin.o

.rodata         0x0000000008008a18      0x270
                0x0000000008008a18                . = ALIGN (0x4)
 *(.rodata)
 .rodata        0x0000000008008a18       0x10 ./Drivers/STM32F1xx_HAL_Driver/Src/stm32f1xx_hal_rcc.o
 *(.rodata*)
 .rodata.AHBPrescTable
                0x0000000008008a28       0x10 ./Core/Src/system_stm32f1xx.o
                0x0000000008008a28                AHBPrescTable
 .rodata.APBPrescTable
                0x0000000008008a38        0x8 ./Core/Src/system_stm32f1xx.o
                0x0000000008008a38                APBPrescTable
 .rodata.atanlo
                0x0000000008008a40       0x20 /usr/lib/gcc/arm-none-eabi/12.2.0/../../../../arm-none-eabi/lib/thumb/v7-m/nofp/libm.a(libm_a-s_atan.o)
 .rodata.atanhi
                0x0000000008008a60       0x20 /usr/lib/gcc/arm-none-eabi/12.2.0/../../../../arm-none-eabi/lib/thumb/v7-m/nofp/libm.a(libm_a-s_atan.o)
 .rodata.CSWTCH.9
                0x0000000008008a80       0x18 /usr/lib/gcc/arm-none-eabi/12.2.0/../../../../arm-none-eabi/lib/thumb/v7-m/nofp/libm.a(libm_a-e_atan2.o)
 .rodata.CSWTCH.8
                0x0000000008008a98       0x18 /usr/lib/gcc/arm-none-eabi/12.2.0/../../../../arm-none-eabi/lib/thumb/v7-m/nofp/libm.a(libm_a-e_atan2.o)
 .rodata.npio2_hw
                0x0000000008008ab0       0x80 /usr/lib/gcc/arm-none-eabi/12.2.0/../../../../arm-none-eabi/lib/thumb/v7-m/nofp/libm.a(libm_a-e_rem_pio2.o)
 .rodata.two_over_pi
                0x0000000008008b30      0x108 /usr/lib/gcc/arm-none-eabi/12.2.0/../../../../arm-none-eabi/lib/thumb/v7-m/nofp/libm.a(libm_a-e_rem_pio2.o)
 .rodata.PIo2   0x0000000008008c38       0x40 /usr/lib/gcc/arm-none-eabi/12.2.0/../../../../arm-none-eabi/lib/thumb/v7-m/nofp/libm.a(libm_a-k_rem_pio2.o)
 .rodata.init_jk
                0x0000000008008c78       0x10 /usr/lib/gcc/arm-none-eabi/12.2.0/../../../../arm-none-eabi/lib/thumb/v7-m/nofp/libm.a(libm_a-k_rem_pio2.o)
                0x0000000008008c88                . = ALIGN (0x4)

.rel.dyn        0x0000000008008c88        0x0
 .rel.iplt      0x0000000008008c88        0x0 /usr/lib/gcc/arm-none-eabi/12.2.0/thumb/v7-m/nofp/crtbegin.o

.ARM.extab      0x0000000008008c88        0x0
                0x0000000008008c88                . = ALIGN (0x4)
 *(.ARM.extab* .gnu.linkonce.armextab.*)
                0x0000000008008c88                . = ALIGN (0x4)

.ARM            0x0000000008008c88        0x0
                0x0000000008008c88                . = ALIGN (0x4)
                0x0000000008008c88                __exidx_start = .
 *(.ARM.exidx*)
                0x0000000008008c88                __exidx_end = .
                0x0000000008008c88                . = ALIGN (0x4)

.preinit_array  0x0000000008008c88        0x0
                0x0000000008008c88                . = ALIGN (0x4)
                0x0000000008008c88                PROVIDE (__preinit_array_start = .)
 *(.preinit_array*)
                0x0000000008008c88                PROVIDE (__preinit_array_end = .)
                0x0000000008008c88                . = ALIGN (0x4)

.init_array     0x0000000008008c88        0x4
                0x0000000008008c88                . = ALIGN (0x4)
                0x0000000008008c88                PROVIDE (__init_array_start = .)
 *(SORT_BY_NAME(.init_array.*))
 *(.init_array*)
 .init_array    0x0000000008008c88        0x4 /usr/lib/gcc/arm-none-eabi/12.2.0/thumb/v7-m/nofp/crtbegin.o
                0x0000000008008c8c                PROVIDE (__init_array_end = .)
                0x0000000008008c8c                . = ALIGN (0x4)

.fini_array     0x0000000008008c8c        0x4
                0x0000000008008c8c                . = ALIGN (0x4)
                0x0000000008008c8c                PROVIDE (__fini_array_start = .)
 *(SORT_BY_NAME(.fini_array.*))
 *(.fini_array*)
 .fini_array    0x0000000008008c8c        0x4 /usr/lib/gcc/arm-none-eabi/12.2.0/thumb/v7-m/nofp/crtbegin.o
                0x0000000008008c90                PROVIDE (__fini_array_end = .)
                0x0000000008008c90                . = ALIGN (0x4)
                0x0000000008008c90                _sidata = LOADADDR (.data)

.data           0x0000000020000000      0x178 load address 0x0000000008008c90
                0x0000000020000000                . = ALIGN (0x4)
                0x0000000020000000                _sdata = .
 *(.data)
 *(.data*)
 .data.versionRequest
                0x0000000020000000        0x4 ./Core/Src/main.o
                0x0000000020000000                versionRequest
 .data.getBlocks
                0x0000000020000004        0x6 ./Core/Src/main.o
                0x0000000020000004                getBlocks
 *fill*         0x000000002000000a        0x2 
 .data.Motor_1  0x000000002000000c       0x14 ./Core/Src/main.o
                0x000000002000000c                Motor_1
 .data.Motor_2  0x0000000020000020       0x14 ./Core/Src/main.o
                0x0000000020000020                Motor_2
 .data.Motor_3  0x0000000020000034       0x14 ./Core/Src/main.o
                0x0000000020000034                Motor_3
 .data.Motor_4  0x0000000020000048       0x14 ./Core/Src/main.o
                0x0000000020000048                Motor_4
 .data.offsets  0x000000002000005c       0x10 ./Core/Src/main.o
                0x000000002000005c                offsets
 .data.twoKp    0x000000002000006c        0x4 ./Core/Src/mpu6050.o
                0x000000002000006c                twoKp
 .data.q0       0x0000000020000070        0x4 ./Core/Src/mpu6050.o
                0x0000000020000070                q0
 *fill*         0x0000000020000074        0x4 
 .data.KalmanX  0x0000000020000078       0x48 ./Core/Src/mpu6050.o
                0x0000000020000078                KalmanX
 .data.KalmanY  0x00000000200000c0       0x48 ./Core/Src/mpu6050.o
                0x00000000200000c0                KalmanY
 .data.SystemCoreClock
                0x0000000020000108        0x4 ./Core/Src/system_stm32f1xx.o
                0x0000000020000108                SystemCoreClock
 .data.uwTickPrio
                0x000000002000010c        0x4 ./Drivers/STM32F1xx_HAL_Driver/Src/stm32f1xx_hal.o
                0x000000002000010c                uwTickPrio
 .data.uwTickFreq
                0x0000000020000110        0x1 ./Drivers/STM32F1xx_HAL_Driver/Src/stm32f1xx_hal.o
                0x0000000020000110                uwTickFreq
 *fill*         0x0000000020000111        0x3 
 .data._impure_ptr
                0x0000000020000114        0x4 /usr/lib/gcc/arm-none-eabi/12.2.0/../../../../arm-none-eabi/lib/thumb/v7-m/nofp/libc_nano.a(libc_a-impure.o)
                0x0000000020000114                _impure_ptr
 .data._impure_data
                0x0000000020000118       0x4c /usr/lib/gcc/arm-none-eabi/12.2.0/../../../../arm-none-eabi/lib/thumb/v7-m/nofp/libc_nano.a(libc_a-impure.o)
                0x0000000020000118                _impure_data
 *fill*         0x0000000020000164        0x4 
 .data.tiny     0x0000000020000168        0x8 /usr/lib/gcc/arm-none-eabi/12.2.0/../../../../arm-none-eabi/lib/thumb/v7-m/nofp/libm.a(libm_a-e_sqrt.o)
 .data.one      0x0000000020000170        0x8 /usr/lib/gcc/arm-none-eabi/12.2.0/../../../../arm-none-eabi/lib/thumb/v7-m/nofp/libm.a(libm_a-e_sqrt.o)
 *(.RamFunc)
 *(.RamFunc*)
                0x0000000020000178                . = ALIGN (0x4)
                0x0000000020000178                _edata = .

.igot.plt       0x0000000020000178        0x0 load address 0x0000000008008e08
 .igot.plt      0x0000000020000178        0x0 /usr/lib/gcc/arm-none-eabi/12.2.0/thumb/v7-m/nofp/crtbegin.o
                0x0000000020000178                . = ALIGN (0x4)

.bss            0x0000000020000178      0x45c load address 0x0000000008008e08
                0x0000000020000178                _sbss = .
                0x0000000020000178                __bss_start__ = _sbss
 *(.bss)
 *(.bss*)
 .bss.completed.1
                0x0000000020000178        0x1 /usr/lib/gcc/arm-none-eabi/12.2.0/thumb/v7-m/nofp/crtbegin.o
 *fill*         0x0000000020000179        0x3 
 .bss.object.0  0x000000002000017c       0x18 /usr/lib/gcc/arm-none-eabi/12.2.0/thumb/v7-m/nofp/crtbegin.o
 .bss.hi2c2     0x0000000020000194       0x54 ./Core/Src/i2c.o
                0x0000000020000194                hi2c2
 .bss.mpu6050   0x00000000200001e8       0x78 ./Core/Src/main.o
                0x00000000200001e8                mpu6050
 .bss.sx        0x0000000020000260        0x8 ./Core/Src/main.o
                0x0000000020000260                sx
 .bss.sy        0x0000000020000268        0x8 ./Core/Src/main.o
                0x0000000020000268                sy
 .bss.sz        0x0000000020000270        0x8 ./Core/Src/main.o
                0x0000000020000270                sz
 .bss.gx        0x0000000020000278        0x4 ./Core/Src/main.o
                0x0000000020000278                gx
 .bss.gy        0x000000002000027c        0x4 ./Core/Src/main.o
                0x000000002000027c                gy
 .bss.gz        0x0000000020000280        0x4 ./Core/Src/main.o
                0x0000000020000280                gz
 .bss.AccX      0x0000000020000284        0x4 ./Core/Src/main.o
                0x0000000020000284                AccX
 .bss.AccY      0x0000000020000288        0x4 ./Core/Src/main.o
                0x0000000020000288                AccY
 .bss.AccZ      0x000000002000028c        0x4 ./Core/Src/main.o
                0x000000002000028c                AccZ
 .bss.RateCalibrationRoll
                0x0000000020000290        0x4 ./Core/Src/main.o
                0x0000000020000290                RateCalibrationRoll
 .bss.RateCalibrationPitch
                0x0000000020000294        0x4 ./Core/Src/main.o
                0x0000000020000294                RateCalibrationPitch
 .bss.RateCalibrationYaw
                0x0000000020000298        0x4 ./Core/Src/main.o
                0x0000000020000298                RateCalibrationYaw
 .bss.RateCalibrationNumber
                0x000000002000029c        0x4 ./Core/Src/main.o
                0x000000002000029c                RateCalibrationNumber
 .bss.buffer_rx
                0x00000000200002a0       0x20 ./Core/Src/main.o
                0x00000000200002a0                buffer_rx
 .bss.ballx     0x00000000200002c0        0x4 ./Core/Src/main.o
                0x00000000200002c0                ballx
 .bss.bally     0x00000000200002c4        0x4 ./Core/Src/main.o
                0x00000000200002c4                bally
 .bss.ballheight
                0x00000000200002c8        0x4 ./Core/Src/main.o
                0x00000000200002c8                ballheight
 .bss.ballwidth
                0x00000000200002cc        0x4 ./Core/Src/main.o
                0x00000000200002cc                ballwidth
 .bss.isBallInView
                0x00000000200002d0        0x4 ./Core/Src/main.o
                0x00000000200002d0                isBallInView
 .bss.isPixyChecked
                0x00000000200002d4        0x4 ./Core/Src/main.o
                0x00000000200002d4                isPixyChecked
 .bss.isMPUCollibrated
                0x00000000200002d8        0x4 ./Core/Src/main.o
                0x00000000200002d8                isMPUCollibrated
 .bss.timcounter
                0x00000000200002dc        0x4 ./Core/Src/main.o
                0x00000000200002dc                timcounter
 .bss.zone      0x00000000200002e0        0x1 ./Core/Src/main.o
                0x00000000200002e0                zone
 *fill*         0x00000000200002e1        0x3 
 .bss.Gy        0x00000000200002e4        0xc ./Core/Src/main.o
                0x00000000200002e4                Gy
 .bss.r         0x00000000200002f0        0x8 ./Core/Src/main.o
                0x00000000200002f0                r
 .bss.teta      0x00000000200002f8        0x8 ./Core/Src/main.o
                0x00000000200002f8                teta
 .bss.twoKi     0x0000000020000300        0x4 ./Core/Src/mpu6050.o
                0x0000000020000300                twoKi
 .bss.q1        0x0000000020000304        0x4 ./Core/Src/mpu6050.o
                0x0000000020000304                q1
 .bss.q2        0x0000000020000308        0x4 ./Core/Src/mpu6050.o
                0x0000000020000308                q2
 .bss.q3        0x000000002000030c        0x4 ./Core/Src/mpu6050.o
                0x000000002000030c                q3
 .bss.integralFBx
                0x0000000020000310        0x4 ./Core/Src/mpu6050.o
                0x0000000020000310                integralFBx
 .bss.integralFBy
                0x0000000020000314        0x4 ./Core/Src/mpu6050.o
                0x0000000020000314                integralFBy
 .bss.integralFBz
                0x0000000020000318        0x4 ./Core/Src/mpu6050.o
                0x0000000020000318                integralFBz
 .bss.timer     0x000000002000031c        0x4 ./Core/Src/mpu6050.o
                0x000000002000031c                timer
 .bss.hspi1     0x0000000020000320       0x58 ./Core/Src/spi.o
                0x0000000020000320                hspi1
 .bss.htim1     0x0000000020000378       0x48 ./Core/Src/tim.o
                0x0000000020000378                htim1
 .bss.htim2     0x00000000200003c0       0x48 ./Core/Src/tim.o
                0x00000000200003c0                htim2
 .bss.htim3     0x0000000020000408       0x48 ./Core/Src/tim.o
                0x0000000020000408                htim3
 .bss.htim4     0x0000000020000450       0x48 ./Core/Src/tim.o
                0x0000000020000450                htim4
 .bss.uwTick    0x0000000020000498        0x4 ./Drivers/STM32F1xx_HAL_Driver/Src/stm32f1xx_hal.o
                0x0000000020000498                uwTick
 .bss.__sf      0x000000002000049c      0x138 /usr/lib/gcc/arm-none-eabi/12.2.0/../../../../arm-none-eabi/lib/thumb/v7-m/nofp/libc_nano.a(libc_a-findfp.o)
                0x000000002000049c                __sf
 *(COMMON)
                0x00000000200005d4                . = ALIGN (0x4)
                0x00000000200005d4                _ebss = .
                0x00000000200005d4                __bss_end__ = _ebss

._user_heap_stack
                0x00000000200005d4      0x604 load address 0x0000000008008e08
                0x00000000200005d8                . = ALIGN (0x8)
 *fill*         0x00000000200005d4        0x4 
                [!provide]                        PROVIDE (end = .)
                0x00000000200005d8                PROVIDE (_end = .)
                0x00000000200007d8                . = (. + _Min_Heap_Size)
 *fill*         0x00000000200005d8      0x200 
                0x0000000020000bd8                . = (. + _Min_Stack_Size)
 *fill*         0x00000000200007d8      0x400 
                0x0000000020000bd8                . = ALIGN (0x8)

/DISCARD/
 libc.a(*)
 libm.a(*)
 libgcc.a(*)

.ARM.attributes
                0x0000000000000000       0x29
 *(.ARM.attributes)
 .ARM.attributes
                0x0000000000000000       0x1d /usr/lib/gcc/arm-none-eabi/12.2.0/thumb/v7-m/nofp/crti.o
 .ARM.attributes
                0x000000000000001d       0x2d /usr/lib/gcc/arm-none-eabi/12.2.0/thumb/v7-m/nofp/crtbegin.o
 .ARM.attributes
                0x000000000000004a       0x2d ./Core/Src/gpio.o
 .ARM.attributes
                0x0000000000000077       0x2d ./Core/Src/i2c.o
 .ARM.attributes
                0x00000000000000a4       0x2d ./Core/Src/main.o
 .ARM.attributes
                0x00000000000000d1       0x2d ./Core/Src/mpu6050.o
 .ARM.attributes
                0x00000000000000fe       0x2d ./Core/Src/spi.o
 .ARM.attributes
                0x000000000000012b       0x2d ./Core/Src/stm32f1xx_hal_msp.o
 .ARM.attributes
                0x0000000000000158       0x2d ./Core/Src/stm32f1xx_it.o
 .ARM.attributes
                0x0000000000000185       0x2d ./Core/Src/system_stm32f1xx.o
 .ARM.attributes
                0x00000000000001b2       0x2d ./Core/Src/tim.o
 .ARM.attributes
                0x00000000000001df       0x21 ./Core/Startup/startup_stm32f103r8tx.o
 .ARM.attributes
                0x0000000000000200       0x2d ./Drivers/STM32F1xx_HAL_Driver/Src/stm32f1xx_hal.o
 .ARM.attributes
                0x000000000000022d       0x2d ./Drivers/STM32F1xx_HAL_Driver/Src/stm32f1xx_hal_cortex.o
 .ARM.attributes
                0x000000000000025a       0x2d ./Drivers/STM32F1xx_HAL_Driver/Src/stm32f1xx_hal_gpio.o
 .ARM.attributes
                0x0000000000000287       0x2d ./Drivers/STM32F1xx_HAL_Driver/Src/stm32f1xx_hal_i2c.o
 .ARM.attributes
                0x00000000000002b4       0x2d ./Drivers/STM32F1xx_HAL_Driver/Src/stm32f1xx_hal_rcc.o
 .ARM.attributes
                0x00000000000002e1       0x2d ./Drivers/STM32F1xx_HAL_Driver/Src/stm32f1xx_hal_spi.o
 .ARM.attributes
                0x000000000000030e       0x2d ./Drivers/STM32F1xx_HAL_Driver/Src/stm32f1xx_hal_tim.o
 .ARM.attributes
                0x000000000000033b       0x2d ./Drivers/STM32F1xx_HAL_Driver/Src/stm32f1xx_hal_tim_ex.o
 .ARM.attributes
                0x0000000000000368       0x2d /usr/lib/gcc/arm-none-eabi/12.2.0/../../../../arm-none-eabi/lib/thumb/v7-m/nofp/libc_nano.a(libc_a-findfp.o)
 .ARM.attributes
                0x0000000000000395       0x2d /usr/lib/gcc/arm-none-eabi/12.2.0/../../../../arm-none-eabi/lib/thumb/v7-m/nofp/libc_nano.a(libc_a-memset.o)
 .ARM.attributes
                0x00000000000003c2       0x2d /usr/lib/gcc/arm-none-eabi/12.2.0/../../../../arm-none-eabi/lib/thumb/v7-m/nofp/libc_nano.a(libc_a-impure.o)
 .ARM.attributes
                0x00000000000003ef       0x2d /usr/lib/gcc/arm-none-eabi/12.2.0/../../../../arm-none-eabi/lib/thumb/v7-m/nofp/libc_nano.a(libc_a-errno.o)
 .ARM.attributes
                0x000000000000041c       0x2d /usr/lib/gcc/arm-none-eabi/12.2.0/../../../../arm-none-eabi/lib/thumb/v7-m/nofp/libc_nano.a(libc_a-init.o)
 .ARM.attributes
                0x0000000000000449       0x2d /usr/lib/gcc/arm-none-eabi/12.2.0/../../../../arm-none-eabi/lib/thumb/v7-m/nofp/libm.a(libm_a-w_atan2.o)
 .ARM.attributes
                0x0000000000000476       0x2d /usr/lib/gcc/arm-none-eabi/12.2.0/../../../../arm-none-eabi/lib/thumb/v7-m/nofp/libm.a(libm_a-w_sqrt.o)
 .ARM.attributes
                0x00000000000004a3       0x2d /usr/lib/gcc/arm-none-eabi/12.2.0/../../../../arm-none-eabi/lib/thumb/v7-m/nofp/libm.a(libm_a-s_atan.o)
 .ARM.attributes
                0x00000000000004d0       0x2d /usr/lib/gcc/arm-none-eabi/12.2.0/../../../../arm-none-eabi/lib/thumb/v7-m/nofp/libm.a(libm_a-s_fabs.o)
 .ARM.attributes
                0x00000000000004fd       0x2d /usr/lib/gcc/arm-none-eabi/12.2.0/../../../../arm-none-eabi/lib/thumb/v7-m/nofp/libm.a(libm_a-s_sin.o)
 .ARM.attributes
                0x000000000000052a       0x2d /usr/lib/gcc/arm-none-eabi/12.2.0/../../../../arm-none-eabi/lib/thumb/v7-m/nofp/libm.a(libm_a-e_sqrt.o)
 .ARM.attributes
                0x0000000000000557       0x2d /usr/lib/gcc/arm-none-eabi/12.2.0/../../../../arm-none-eabi/lib/thumb/v7-m/nofp/libm.a(libm_a-s_floor.o)
 .ARM.attributes
                0x0000000000000584       0x2d /usr/lib/gcc/arm-none-eabi/12.2.0/../../../../arm-none-eabi/lib/thumb/v7-m/nofp/libm.a(libm_a-k_cos.o)
 .ARM.attributes
                0x00000000000005b1       0x2d /usr/lib/gcc/arm-none-eabi/12.2.0/../../../../arm-none-eabi/lib/thumb/v7-m/nofp/libm.a(libm_a-k_sin.o)
 .ARM.attributes
                0x00000000000005de       0x2d /usr/lib/gcc/arm-none-eabi/12.2.0/../../../../arm-none-eabi/lib/thumb/v7-m/nofp/libm.a(libm_a-e_atan2.o)
 .ARM.attributes
                0x000000000000060b       0x2d /usr/lib/gcc/arm-none-eabi/12.2.0/../../../../arm-none-eabi/lib/thumb/v7-m/nofp/libm.a(libm_a-e_rem_pio2.o)
 .ARM.attributes
                0x0000000000000638       0x2d /usr/lib/gcc/arm-none-eabi/12.2.0/../../../../arm-none-eabi/lib/thumb/v7-m/nofp/libm.a(libm_a-k_rem_pio2.o)
 .ARM.attributes
                0x0000000000000665       0x2d /usr/lib/gcc/arm-none-eabi/12.2.0/../../../../arm-none-eabi/lib/thumb/v7-m/nofp/libm.a(libm_a-s_scalbn.o)
 .ARM.attributes
                0x0000000000000692       0x1d /usr/lib/gcc/arm-none-eabi/12.2.0/thumb/v7-m/nofp/libgcc.a(_arm_addsubdf3.o)
 .ARM.attributes
                0x00000000000006af       0x1d /usr/lib/gcc/arm-none-eabi/12.2.0/thumb/v7-m/nofp/libgcc.a(_arm_muldivdf3.o)
 .ARM.attributes
                0x00000000000006cc       0x1d /usr/lib/gcc/arm-none-eabi/12.2.0/thumb/v7-m/nofp/libgcc.a(_arm_cmpdf2.o)
 .ARM.attributes
                0x00000000000006e9       0x1d /usr/lib/gcc/arm-none-eabi/12.2.0/thumb/v7-m/nofp/libgcc.a(_arm_unorddf2.o)
 .ARM.attributes
                0x0000000000000706       0x1d /usr/lib/gcc/arm-none-eabi/12.2.0/thumb/v7-m/nofp/libgcc.a(_arm_fixdfsi.o)
 .ARM.attributes
                0x0000000000000723       0x1d /usr/lib/gcc/arm-none-eabi/12.2.0/thumb/v7-m/nofp/libgcc.a(_arm_fixunsdfsi.o)
 .ARM.attributes
                0x0000000000000740       0x1d /usr/lib/gcc/arm-none-eabi/12.2.0/thumb/v7-m/nofp/libgcc.a(_arm_truncdfsf2.o)
 .ARM.attributes
                0x000000000000075d       0x1d /usr/lib/gcc/arm-none-eabi/12.2.0/thumb/v7-m/nofp/libgcc.a(_arm_addsubsf3.o)
 .ARM.attributes
                0x000000000000077a       0x1d /usr/lib/gcc/arm-none-eabi/12.2.0/thumb/v7-m/nofp/libgcc.a(_arm_muldivsf3.o)
 .ARM.attributes
                0x0000000000000797       0x1d /usr/lib/gcc/arm-none-eabi/12.2.0/thumb/v7-m/nofp/libgcc.a(_arm_cmpsf2.o)
 .ARM.attributes
                0x00000000000007b4       0x1d /usr/lib/gcc/arm-none-eabi/12.2.0/thumb/v7-m/nofp/crtn.o
OUTPUT(robocup.elf elf32-littlearm)
LOAD linker stubs
LOAD /usr/lib/gcc/arm-none-eabi/12.2.0/../../../../arm-none-eabi/lib/thumb/v7-m/nofp/libc.a
LOAD /usr/lib/gcc/arm-none-eabi/12.2.0/../../../../arm-none-eabi/lib/thumb/v7-m/nofp/libm.a
LOAD /usr/lib/gcc/arm-none-eabi/12.2.0/thumb/v7-m/nofp/libgcc.a

.debug_info     0x0000000000000000    0x11040
 .debug_info    0x0000000000000000      0x432 ./Core/Src/gpio.o
 .debug_info    0x0000000000000432      0x7de ./Core/Src/i2c.o
 .debug_info    0x0000000000000c10     0x1aaa ./Core/Src/main.o
 .debug_info    0x00000000000026ba      0xfb3 ./Core/Src/mpu6050.o
 .debug_info    0x000000000000366d      0x844 ./Core/Src/spi.o
 .debug_info    0x0000000000003eb1      0x1f1 ./Core/Src/stm32f1xx_hal_msp.o
 .debug_info    0x00000000000040a2      0x709 ./Core/Src/stm32f1xx_it.o
 .debug_info    0x00000000000047ab      0x222 ./Core/Src/system_stm32f1xx.o
 .debug_info    0x00000000000049cd      0xda9 ./Core/Src/tim.o
 .debug_info    0x0000000000005776       0x2e ./Core/Startup/startup_stm32f103r8tx.o
 .debug_info    0x00000000000057a4      0x704 ./Drivers/STM32F1xx_HAL_Driver/Src/stm32f1xx_hal.o
 .debug_info    0x0000000000005ea8      0xa87 ./Drivers/STM32F1xx_HAL_Driver/Src/stm32f1xx_hal_cortex.o
 .debug_info    0x000000000000692f      0x5ab ./Drivers/STM32F1xx_HAL_Driver/Src/stm32f1xx_hal_gpio.o
 .debug_info    0x0000000000006eda     0x24eb ./Drivers/STM32F1xx_HAL_Driver/Src/stm32f1xx_hal_i2c.o
 .debug_info    0x00000000000093c5      0x7e9 ./Drivers/STM32F1xx_HAL_Driver/Src/stm32f1xx_hal_rcc.o
 .debug_info    0x0000000000009bae     0x14fe ./Drivers/STM32F1xx_HAL_Driver/Src/stm32f1xx_hal_spi.o
 .debug_info    0x000000000000b0ac     0x2789 ./Drivers/STM32F1xx_HAL_Driver/Src/stm32f1xx_hal_tim.o
 .debug_info    0x000000000000d835     0x13f1 ./Drivers/STM32F1xx_HAL_Driver/Src/stm32f1xx_hal_tim_ex.o
 .debug_info    0x000000000000ec26      0xfa9 /usr/lib/gcc/arm-none-eabi/12.2.0/../../../../arm-none-eabi/lib/thumb/v7-m/nofp/libc_nano.a(libc_a-findfp.o)
 .debug_info    0x000000000000fbcf       0xe0 /usr/lib/gcc/arm-none-eabi/12.2.0/../../../../arm-none-eabi/lib/thumb/v7-m/nofp/libc_nano.a(libc_a-memset.o)
 .debug_info    0x000000000000fcaf      0x715 /usr/lib/gcc/arm-none-eabi/12.2.0/../../../../arm-none-eabi/lib/thumb/v7-m/nofp/libc_nano.a(libc_a-impure.o)
 .debug_info    0x00000000000103c4      0x6fb /usr/lib/gcc/arm-none-eabi/12.2.0/../../../../arm-none-eabi/lib/thumb/v7-m/nofp/libc_nano.a(libc_a-errno.o)
 .debug_info    0x0000000000010abf      0x10b /usr/lib/gcc/arm-none-eabi/12.2.0/../../../../arm-none-eabi/lib/thumb/v7-m/nofp/libc_nano.a(libc_a-init.o)
 .debug_info    0x0000000000010bca       0xc0 /usr/lib/gcc/arm-none-eabi/12.2.0/thumb/v7-m/nofp/libgcc.a(_arm_addsubdf3.o)
 .debug_info    0x0000000000010c8a       0x52 /usr/lib/gcc/arm-none-eabi/12.2.0/thumb/v7-m/nofp/libgcc.a(_arm_muldivdf3.o)
 .debug_info    0x0000000000010cdc       0xc0 /usr/lib/gcc/arm-none-eabi/12.2.0/thumb/v7-m/nofp/libgcc.a(_arm_cmpdf2.o)
 .debug_info    0x0000000000010d9c       0x39 /usr/lib/gcc/arm-none-eabi/12.2.0/thumb/v7-m/nofp/libgcc.a(_arm_unorddf2.o)
 .debug_info    0x0000000000010dd5       0x39 /usr/lib/gcc/arm-none-eabi/12.2.0/thumb/v7-m/nofp/libgcc.a(_arm_fixdfsi.o)
 .debug_info    0x0000000000010e0e       0x39 /usr/lib/gcc/arm-none-eabi/12.2.0/thumb/v7-m/nofp/libgcc.a(_arm_fixunsdfsi.o)
 .debug_info    0x0000000000010e47       0x3c /usr/lib/gcc/arm-none-eabi/12.2.0/thumb/v7-m/nofp/libgcc.a(_arm_truncdfsf2.o)
 .debug_info    0x0000000000010e83       0xaf /usr/lib/gcc/arm-none-eabi/12.2.0/thumb/v7-m/nofp/libgcc.a(_arm_addsubsf3.o)
 .debug_info    0x0000000000010f32       0x52 /usr/lib/gcc/arm-none-eabi/12.2.0/thumb/v7-m/nofp/libgcc.a(_arm_muldivsf3.o)
 .debug_info    0x0000000000010f84       0xbc /usr/lib/gcc/arm-none-eabi/12.2.0/thumb/v7-m/nofp/libgcc.a(_arm_cmpsf2.o)

.debug_abbrev   0x0000000000000000     0x2ffc
 .debug_abbrev  0x0000000000000000      0x161 ./Core/Src/gpio.o
 .debug_abbrev  0x0000000000000161      0x1de ./Core/Src/i2c.o
 .debug_abbrev  0x000000000000033f      0x480 ./Core/Src/main.o
 .debug_abbrev  0x00000000000007bf      0x2d6 ./Core/Src/mpu6050.o
 .debug_abbrev  0x0000000000000a95      0x1f1 ./Core/Src/spi.o
 .debug_abbrev  0x0000000000000c86       0xdb ./Core/Src/stm32f1xx_hal_msp.o
 .debug_abbrev  0x0000000000000d61      0x1bf ./Core/Src/stm32f1xx_it.o
 .debug_abbrev  0x0000000000000f20      0x13f ./Core/Src/system_stm32f1xx.o
 .debug_abbrev  0x000000000000105f      0x27e ./Core/Src/tim.o
 .debug_abbrev  0x00000000000012dd       0x1d ./Core/Startup/startup_stm32f103r8tx.o
 .debug_abbrev  0x00000000000012fa      0x201 ./Drivers/STM32F1xx_HAL_Driver/Src/stm32f1xx_hal.o
 .debug_abbrev  0x00000000000014fb      0x2f8 ./Drivers/STM32F1xx_HAL_Driver/Src/stm32f1xx_hal_cortex.o
 .debug_abbrev  0x00000000000017f3      0x1ca ./Drivers/STM32F1xx_HAL_Driver/Src/stm32f1xx_hal_gpio.o
 .debug_abbrev  0x00000000000019bd      0x2a3 ./Drivers/STM32F1xx_HAL_Driver/Src/stm32f1xx_hal_i2c.o
 .debug_abbrev  0x0000000000001c60      0x2b1 ./Drivers/STM32F1xx_HAL_Driver/Src/stm32f1xx_hal_rcc.o
 .debug_abbrev  0x0000000000001f11      0x284 ./Drivers/STM32F1xx_HAL_Driver/Src/stm32f1xx_hal_spi.o
 .debug_abbrev  0x0000000000002195      0x270 ./Drivers/STM32F1xx_HAL_Driver/Src/stm32f1xx_hal_tim.o
 .debug_abbrev  0x0000000000002405      0x27b ./Drivers/STM32F1xx_HAL_Driver/Src/stm32f1xx_hal_tim_ex.o
 .debug_abbrev  0x0000000000002680      0x424 /usr/lib/gcc/arm-none-eabi/12.2.0/../../../../arm-none-eabi/lib/thumb/v7-m/nofp/libc_nano.a(libc_a-findfp.o)
 .debug_abbrev  0x0000000000002aa4       0x9e /usr/lib/gcc/arm-none-eabi/12.2.0/../../../../arm-none-eabi/lib/thumb/v7-m/nofp/libc_nano.a(libc_a-memset.o)
 .debug_abbrev  0x0000000000002b42      0x149 /usr/lib/gcc/arm-none-eabi/12.2.0/../../../../arm-none-eabi/lib/thumb/v7-m/nofp/libc_nano.a(libc_a-impure.o)
 .debug_abbrev  0x0000000000002c8b      0x15e /usr/lib/gcc/arm-none-eabi/12.2.0/../../../../arm-none-eabi/lib/thumb/v7-m/nofp/libc_nano.a(libc_a-errno.o)
 .debug_abbrev  0x0000000000002de9       0xc9 /usr/lib/gcc/arm-none-eabi/12.2.0/../../../../arm-none-eabi/lib/thumb/v7-m/nofp/libc_nano.a(libc_a-init.o)
 .debug_abbrev  0x0000000000002eb2       0x21 /usr/lib/gcc/arm-none-eabi/12.2.0/thumb/v7-m/nofp/libgcc.a(_arm_addsubdf3.o)
 .debug_abbrev  0x0000000000002ed3       0x21 /usr/lib/gcc/arm-none-eabi/12.2.0/thumb/v7-m/nofp/libgcc.a(_arm_muldivdf3.o)
 .debug_abbrev  0x0000000000002ef4       0x21 /usr/lib/gcc/arm-none-eabi/12.2.0/thumb/v7-m/nofp/libgcc.a(_arm_cmpdf2.o)
 .debug_abbrev  0x0000000000002f15       0x21 /usr/lib/gcc/arm-none-eabi/12.2.0/thumb/v7-m/nofp/libgcc.a(_arm_unorddf2.o)
 .debug_abbrev  0x0000000000002f36       0x21 /usr/lib/gcc/arm-none-eabi/12.2.0/thumb/v7-m/nofp/libgcc.a(_arm_fixdfsi.o)
 .debug_abbrev  0x0000000000002f57       0x21 /usr/lib/gcc/arm-none-eabi/12.2.0/thumb/v7-m/nofp/libgcc.a(_arm_fixunsdfsi.o)
 .debug_abbrev  0x0000000000002f78       0x21 /usr/lib/gcc/arm-none-eabi/12.2.0/thumb/v7-m/nofp/libgcc.a(_arm_truncdfsf2.o)
 .debug_abbrev  0x0000000000002f99       0x21 /usr/lib/gcc/arm-none-eabi/12.2.0/thumb/v7-m/nofp/libgcc.a(_arm_addsubsf3.o)
 .debug_abbrev  0x0000000000002fba       0x21 /usr/lib/gcc/arm-none-eabi/12.2.0/thumb/v7-m/nofp/libgcc.a(_arm_muldivsf3.o)
 .debug_abbrev  0x0000000000002fdb       0x21 /usr/lib/gcc/arm-none-eabi/12.2.0/thumb/v7-m/nofp/libgcc.a(_arm_cmpsf2.o)

.debug_aranges  0x0000000000000000     0x1180
 .debug_aranges
                0x0000000000000000       0x20 ./Core/Src/gpio.o
 .debug_aranges
                0x0000000000000020       0x30 ./Core/Src/i2c.o
 .debug_aranges
                0x0000000000000050       0xb8 ./Core/Src/main.o
 .debug_aranges
                0x0000000000000108       0x60 ./Core/Src/mpu6050.o
 .debug_aranges
                0x0000000000000168       0x30 ./Core/Src/spi.o
 .debug_aranges
                0x0000000000000198       0x20 ./Core/Src/stm32f1xx_hal_msp.o
 .debug_aranges
                0x00000000000001b8       0x88 ./Core/Src/stm32f1xx_it.o
 .debug_aranges
                0x0000000000000240       0x28 ./Core/Src/system_stm32f1xx.o
 .debug_aranges
                0x0000000000000268       0x50 ./Core/Src/tim.o
 .debug_aranges
                0x00000000000002b8       0x28 ./Core/Startup/startup_stm32f103r8tx.o
 .debug_aranges
                0x00000000000002e0       0xe0 ./Drivers/STM32F1xx_HAL_Driver/Src/stm32f1xx_hal.o
 .debug_aranges
                0x00000000000003c0      0x100 ./Drivers/STM32F1xx_HAL_Driver/Src/stm32f1xx_hal_cortex.o
 .debug_aranges
                0x00000000000004c0       0x58 ./Drivers/STM32F1xx_HAL_Driver/Src/stm32f1xx_hal_gpio.o
 .debug_aranges
                0x0000000000000518      0x2a0 ./Drivers/STM32F1xx_HAL_Driver/Src/stm32f1xx_hal_i2c.o
 .debug_aranges
                0x00000000000007b8       0x90 ./Drivers/STM32F1xx_HAL_Driver/Src/stm32f1xx_hal_rcc.o
 .debug_aranges
                0x0000000000000848      0x1d0 ./Drivers/STM32F1xx_HAL_Driver/Src/stm32f1xx_hal_spi.o
 .debug_aranges
                0x0000000000000a18      0x3d0 ./Drivers/STM32F1xx_HAL_Driver/Src/stm32f1xx_hal_tim.o
 .debug_aranges
                0x0000000000000de8      0x168 ./Drivers/STM32F1xx_HAL_Driver/Src/stm32f1xx_hal_tim_ex.o
 .debug_aranges
                0x0000000000000f50       0x78 /usr/lib/gcc/arm-none-eabi/12.2.0/../../../../arm-none-eabi/lib/thumb/v7-m/nofp/libc_nano.a(libc_a-findfp.o)
 .debug_aranges
                0x0000000000000fc8       0x20 /usr/lib/gcc/arm-none-eabi/12.2.0/../../../../arm-none-eabi/lib/thumb/v7-m/nofp/libc_nano.a(libc_a-memset.o)
 .debug_aranges
                0x0000000000000fe8       0x18 /usr/lib/gcc/arm-none-eabi/12.2.0/../../../../arm-none-eabi/lib/thumb/v7-m/nofp/libc_nano.a(libc_a-impure.o)
 .debug_aranges
                0x0000000000001000       0x20 /usr/lib/gcc/arm-none-eabi/12.2.0/../../../../arm-none-eabi/lib/thumb/v7-m/nofp/libc_nano.a(libc_a-errno.o)
 .debug_aranges
                0x0000000000001020       0x20 /usr/lib/gcc/arm-none-eabi/12.2.0/../../../../arm-none-eabi/lib/thumb/v7-m/nofp/libc_nano.a(libc_a-init.o)
 .debug_aranges
                0x0000000000001040       0x20 /usr/lib/gcc/arm-none-eabi/12.2.0/thumb/v7-m/nofp/libgcc.a(_arm_addsubdf3.o)
 .debug_aranges
                0x0000000000001060       0x20 /usr/lib/gcc/arm-none-eabi/12.2.0/thumb/v7-m/nofp/libgcc.a(_arm_muldivdf3.o)
 .debug_aranges
                0x0000000000001080       0x20 /usr/lib/gcc/arm-none-eabi/12.2.0/thumb/v7-m/nofp/libgcc.a(_arm_cmpdf2.o)
 .debug_aranges
                0x00000000000010a0       0x20 /usr/lib/gcc/arm-none-eabi/12.2.0/thumb/v7-m/nofp/libgcc.a(_arm_unorddf2.o)
 .debug_aranges
                0x00000000000010c0       0x20 /usr/lib/gcc/arm-none-eabi/12.2.0/thumb/v7-m/nofp/libgcc.a(_arm_fixdfsi.o)
 .debug_aranges
                0x00000000000010e0       0x20 /usr/lib/gcc/arm-none-eabi/12.2.0/thumb/v7-m/nofp/libgcc.a(_arm_fixunsdfsi.o)
 .debug_aranges
                0x0000000000001100       0x20 /usr/lib/gcc/arm-none-eabi/12.2.0/thumb/v7-m/nofp/libgcc.a(_arm_truncdfsf2.o)
 .debug_aranges
                0x0000000000001120       0x20 /usr/lib/gcc/arm-none-eabi/12.2.0/thumb/v7-m/nofp/libgcc.a(_arm_addsubsf3.o)
 .debug_aranges
                0x0000000000001140       0x20 /usr/lib/gcc/arm-none-eabi/12.2.0/thumb/v7-m/nofp/libgcc.a(_arm_muldivsf3.o)
 .debug_aranges
                0x0000000000001160       0x20 /usr/lib/gcc/arm-none-eabi/12.2.0/thumb/v7-m/nofp/libgcc.a(_arm_cmpsf2.o)

.debug_rnglists
                0x0000000000000000      0xe99
 .debug_rnglists
                0x0000000000000000       0x14 ./Core/Src/gpio.o
 .debug_rnglists
                0x0000000000000014       0x20 ./Core/Src/i2c.o
 .debug_rnglists
                0x0000000000000034       0x92 ./Core/Src/main.o
 .debug_rnglists
                0x00000000000000c6       0x4a ./Core/Src/mpu6050.o
 .debug_rnglists
                0x0000000000000110       0x20 ./Core/Src/spi.o
 .debug_rnglists
                0x0000000000000130       0x13 ./Core/Src/stm32f1xx_hal_msp.o
 .debug_rnglists
                0x0000000000000143       0x61 ./Core/Src/stm32f1xx_it.o
 .debug_rnglists
                0x00000000000001a4       0x1a ./Core/Src/system_stm32f1xx.o
 .debug_rnglists
                0x00000000000001be       0x3e ./Core/Src/tim.o
 .debug_rnglists
                0x00000000000001fc       0x19 ./Core/Startup/startup_stm32f103r8tx.o
 .debug_rnglists
                0x0000000000000215       0xa3 ./Drivers/STM32F1xx_HAL_Driver/Src/stm32f1xx_hal.o
 .debug_rnglists
                0x00000000000002b8       0xbb ./Drivers/STM32F1xx_HAL_Driver/Src/stm32f1xx_hal_cortex.o
 .debug_rnglists
                0x0000000000000373       0x3f ./Drivers/STM32F1xx_HAL_Driver/Src/stm32f1xx_hal_gpio.o
 .debug_rnglists
                0x00000000000003b2      0x23f ./Drivers/STM32F1xx_HAL_Driver/Src/stm32f1xx_hal_i2c.o
 .debug_rnglists
                0x00000000000005f1       0x6c ./Drivers/STM32F1xx_HAL_Driver/Src/stm32f1xx_hal_rcc.o
 .debug_rnglists
                0x000000000000065d      0x16e ./Drivers/STM32F1xx_HAL_Driver/Src/stm32f1xx_hal_spi.o
 .debug_rnglists
                0x00000000000007cb      0x31a ./Drivers/STM32F1xx_HAL_Driver/Src/stm32f1xx_hal_tim.o
 .debug_rnglists
                0x0000000000000ae5      0x125 ./Drivers/STM32F1xx_HAL_Driver/Src/stm32f1xx_hal_tim_ex.o
 .debug_rnglists
                0x0000000000000c0a       0x7d /usr/lib/gcc/arm-none-eabi/12.2.0/../../../../arm-none-eabi/lib/thumb/v7-m/nofp/libc_nano.a(libc_a-findfp.o)
 .debug_rnglists
                0x0000000000000c87       0x13 /usr/lib/gcc/arm-none-eabi/12.2.0/../../../../arm-none-eabi/lib/thumb/v7-m/nofp/libc_nano.a(libc_a-memset.o)
 .debug_rnglists
                0x0000000000000c9a       0x13 /usr/lib/gcc/arm-none-eabi/12.2.0/../../../../arm-none-eabi/lib/thumb/v7-m/nofp/libc_nano.a(libc_a-errno.o)
 .debug_rnglists
                0x0000000000000cad       0x13 /usr/lib/gcc/arm-none-eabi/12.2.0/../../../../arm-none-eabi/lib/thumb/v7-m/nofp/libc_nano.a(libc_a-init.o)
 .debug_rnglists
                0x0000000000000cc0       0x13 /usr/lib/gcc/arm-none-eabi/12.2.0/../../../../arm-none-eabi/lib/thumb/v7-m/nofp/libm.a(libm_a-w_atan2.o)
 .debug_rnglists
                0x0000000000000cd3       0x13 /usr/lib/gcc/arm-none-eabi/12.2.0/../../../../arm-none-eabi/lib/thumb/v7-m/nofp/libm.a(libm_a-w_sqrt.o)
 .debug_rnglists
                0x0000000000000ce6       0x28 /usr/lib/gcc/arm-none-eabi/12.2.0/../../../../arm-none-eabi/lib/thumb/v7-m/nofp/libm.a(libm_a-s_atan.o)
 .debug_rnglists
                0x0000000000000d0e       0x13 /usr/lib/gcc/arm-none-eabi/12.2.0/../../../../arm-none-eabi/lib/thumb/v7-m/nofp/libm.a(libm_a-s_fabs.o)
 .debug_rnglists
                0x0000000000000d21       0x14 /usr/lib/gcc/arm-none-eabi/12.2.0/../../../../arm-none-eabi/lib/thumb/v7-m/nofp/libm.a(libm_a-s_sin.o)
 .debug_rnglists
                0x0000000000000d35       0x2c /usr/lib/gcc/arm-none-eabi/12.2.0/../../../../arm-none-eabi/lib/thumb/v7-m/nofp/libm.a(libm_a-e_sqrt.o)
 .debug_rnglists
                0x0000000000000d61       0x34 /usr/lib/gcc/arm-none-eabi/12.2.0/../../../../arm-none-eabi/lib/thumb/v7-m/nofp/libm.a(libm_a-s_floor.o)
 .debug_rnglists
                0x0000000000000d95       0x20 /usr/lib/gcc/arm-none-eabi/12.2.0/../../../../arm-none-eabi/lib/thumb/v7-m/nofp/libm.a(libm_a-k_cos.o)
 .debug_rnglists
                0x0000000000000db5       0x14 /usr/lib/gcc/arm-none-eabi/12.2.0/../../../../arm-none-eabi/lib/thumb/v7-m/nofp/libm.a(libm_a-k_sin.o)
 .debug_rnglists
                0x0000000000000dc9       0x38 /usr/lib/gcc/arm-none-eabi/12.2.0/../../../../arm-none-eabi/lib/thumb/v7-m/nofp/libm.a(libm_a-e_atan2.o)
 .debug_rnglists
                0x0000000000000e01       0x49 /usr/lib/gcc/arm-none-eabi/12.2.0/../../../../arm-none-eabi/lib/thumb/v7-m/nofp/libm.a(libm_a-e_rem_pio2.o)
 .debug_rnglists
                0x0000000000000e4a       0x14 /usr/lib/gcc/arm-none-eabi/12.2.0/../../../../arm-none-eabi/lib/thumb/v7-m/nofp/libm.a(libm_a-k_rem_pio2.o)
 .debug_rnglists
                0x0000000000000e5e       0x3b /usr/lib/gcc/arm-none-eabi/12.2.0/../../../../arm-none-eabi/lib/thumb/v7-m/nofp/libm.a(libm_a-s_scalbn.o)

.debug_macro    0x0000000000000000    0x18590
 .debug_macro   0x0000000000000000      0x1c6 ./Core/Src/gpio.o
 .debug_macro   0x00000000000001c6      0xaa8 ./Core/Src/gpio.o
 .debug_macro   0x0000000000000c6e      0x221 ./Core/Src/gpio.o
 .debug_macro   0x0000000000000e8f       0x2e ./Core/Src/gpio.o
 .debug_macro   0x0000000000000ebd       0x22 ./Core/Src/gpio.o
 .debug_macro   0x0000000000000edf       0x22 ./Core/Src/gpio.o
 .debug_macro   0x0000000000000f01       0x8e ./Core/Src/gpio.o
 .debug_macro   0x0000000000000f8f       0x51 ./Core/Src/gpio.o
 .debug_macro   0x0000000000000fe0      0x103 ./Core/Src/gpio.o
 .debug_macro   0x00000000000010e3       0x6a ./Core/Src/gpio.o
 .debug_macro   0x000000000000114d      0x1df ./Core/Src/gpio.o
 .debug_macro   0x000000000000132c       0x1c ./Core/Src/gpio.o
 .debug_macro   0x0000000000001348       0x22 ./Core/Src/gpio.o
 .debug_macro   0x000000000000136a       0xbd ./Core/Src/gpio.o
 .debug_macro   0x0000000000001427      0xd23 ./Core/Src/gpio.o
 .debug_macro   0x000000000000214a     0xe09e ./Core/Src/gpio.o
 .debug_macro   0x00000000000101e8       0x6d ./Core/Src/gpio.o
 .debug_macro   0x0000000000010255     0x3468 ./Core/Src/gpio.o
 .debug_macro   0x00000000000136bd      0x189 ./Core/Src/gpio.o
 .debug_macro   0x0000000000013846       0x5c ./Core/Src/gpio.o
 .debug_macro   0x00000000000138a2      0x5be ./Core/Src/gpio.o
 .debug_macro   0x0000000000013e60      0x289 ./Core/Src/gpio.o
 .debug_macro   0x00000000000140e9      0x1cb ./Core/Src/gpio.o
 .debug_macro   0x00000000000142b4      0x114 ./Core/Src/gpio.o
 .debug_macro   0x00000000000143c8      0x1b2 ./Core/Src/gpio.o
 .debug_macro   0x000000000001457a       0x27 ./Core/Src/gpio.o
 .debug_macro   0x00000000000145a1      0x136 ./Core/Src/gpio.o
 .debug_macro   0x00000000000146d7      0x1bc ./Core/Src/gpio.o
 .debug_macro   0x0000000000014893       0x34 ./Core/Src/gpio.o
 .debug_macro   0x00000000000148c7       0x3c ./Core/Src/gpio.o
 .debug_macro   0x0000000000014903       0x57 ./Core/Src/gpio.o
 .debug_macro   0x000000000001495a       0x88 ./Core/Src/gpio.o
 .debug_macro   0x00000000000149e2      0x241 ./Core/Src/gpio.o
 .debug_macro   0x0000000000014c23      0x287 ./Core/Src/gpio.o
 .debug_macro   0x0000000000014eaa      0x141 ./Core/Src/gpio.o
 .debug_macro   0x0000000000014feb      0x217 ./Core/Src/gpio.o
 .debug_macro   0x0000000000015202      0x8d1 ./Core/Src/gpio.o
 .debug_macro   0x0000000000015ad3       0x83 ./Core/Src/gpio.o
 .debug_macro   0x0000000000015b56       0x64 ./Core/Src/gpio.o
 .debug_macro   0x0000000000015bba      0x1c6 ./Core/Src/i2c.o
 .debug_macro   0x0000000000015d80      0x2f3 ./Core/Src/main.o
 .debug_macro   0x0000000000016073       0x61 ./Core/Src/main.o
 .debug_macro   0x00000000000160d4       0x24 ./Core/Src/main.o
 .debug_macro   0x00000000000160f8       0x43 ./Core/Src/main.o
 .debug_macro   0x000000000001613b       0x34 ./Core/Src/main.o
 .debug_macro   0x000000000001616f       0x16 ./Core/Src/main.o
 .debug_macro   0x0000000000016185       0x43 ./Core/Src/main.o
 .debug_macro   0x00000000000161c8       0x34 ./Core/Src/main.o
 .debug_macro   0x00000000000161fc       0x10 ./Core/Src/main.o
 .debug_macro   0x000000000001620c       0x58 ./Core/Src/main.o
 .debug_macro   0x0000000000016264       0x8e ./Core/Src/main.o
 .debug_macro   0x00000000000162f2       0x1c ./Core/Src/main.o
 .debug_macro   0x000000000001630e      0x177 ./Core/Src/main.o
 .debug_macro   0x0000000000016485      0x369 ./Core/Src/main.o
 .debug_macro   0x00000000000167ee      0x19b ./Core/Src/main.o
 .debug_macro   0x0000000000016989       0x16 ./Core/Src/main.o
 .debug_macro   0x000000000001699f       0x35 ./Core/Src/main.o
 .debug_macro   0x00000000000169d4       0x16 ./Core/Src/main.o
 .debug_macro   0x00000000000169ea       0x29 ./Core/Src/main.o
 .debug_macro   0x0000000000016a13      0x2cd ./Core/Src/mpu6050.o
 .debug_macro   0x0000000000016ce0       0x5b ./Core/Src/mpu6050.o
 .debug_macro   0x0000000000016d3b       0x94 ./Core/Src/mpu6050.o
 .debug_macro   0x0000000000016dcf       0x57 ./Core/Src/mpu6050.o
 .debug_macro   0x0000000000016e26       0x56 ./Core/Src/mpu6050.o
 .debug_macro   0x0000000000016e7c      0x1c6 ./Core/Src/spi.o
 .debug_macro   0x0000000000017042      0x1bc ./Core/Src/stm32f1xx_hal_msp.o
 .debug_macro   0x00000000000171fe      0x1c6 ./Core/Src/stm32f1xx_it.o
 .debug_macro   0x00000000000173c4      0x1ad ./Core/Src/system_stm32f1xx.o
 .debug_macro   0x0000000000017571      0x1c6 ./Core/Src/tim.o
 .debug_macro   0x0000000000017737      0x1d1 ./Drivers/STM32F1xx_HAL_Driver/Src/stm32f1xx_hal.o
 .debug_macro   0x0000000000017908      0x1ad ./Drivers/STM32F1xx_HAL_Driver/Src/stm32f1xx_hal_cortex.o
 .debug_macro   0x0000000000017ab5      0x218 ./Drivers/STM32F1xx_HAL_Driver/Src/stm32f1xx_hal_gpio.o
 .debug_macro   0x0000000000017ccd      0x1f4 ./Drivers/STM32F1xx_HAL_Driver/Src/stm32f1xx_hal_i2c.o
 .debug_macro   0x0000000000017ec1      0x1bf ./Drivers/STM32F1xx_HAL_Driver/Src/stm32f1xx_hal_rcc.o
 .debug_macro   0x0000000000018080      0x1b5 ./Drivers/STM32F1xx_HAL_Driver/Src/stm32f1xx_hal_spi.o
 .debug_macro   0x0000000000018235      0x1ae ./Drivers/STM32F1xx_HAL_Driver/Src/stm32f1xx_hal_tim.o
 .debug_macro   0x00000000000183e3      0x1ad ./Drivers/STM32F1xx_HAL_Driver/Src/stm32f1xx_hal_tim_ex.o

.debug_line     0x0000000000000000    0x10a3b
 .debug_line    0x0000000000000000      0x4a8 ./Core/Src/gpio.o
 .debug_line    0x00000000000004a8      0x4a9 ./Core/Src/i2c.o
 .debug_line    0x0000000000000951      0xc98 ./Core/Src/main.o
 .debug_line    0x00000000000015e9      0xc65 ./Core/Src/mpu6050.o
 .debug_line    0x000000000000224e      0x4bc ./Core/Src/spi.o
 .debug_line    0x000000000000270a      0x444 ./Core/Src/stm32f1xx_hal_msp.o
 .debug_line    0x0000000000002b4e      0x57e ./Core/Src/stm32f1xx_it.o
 .debug_line    0x00000000000030cc      0x4c2 ./Core/Src/system_stm32f1xx.o
 .debug_line    0x000000000000358e      0x6ce ./Core/Src/tim.o
 .debug_line    0x0000000000003c5c       0x79 ./Core/Startup/startup_stm32f103r8tx.o
 .debug_line    0x0000000000003cd5      0x6ef ./Drivers/STM32F1xx_HAL_Driver/Src/stm32f1xx_hal.o
 .debug_line    0x00000000000043c4      0x8db ./Drivers/STM32F1xx_HAL_Driver/Src/stm32f1xx_hal_cortex.o
 .debug_line    0x0000000000004c9f      0x786 ./Drivers/STM32F1xx_HAL_Driver/Src/stm32f1xx_hal_gpio.o
 .debug_line    0x0000000000005425     0x38e0 ./Drivers/STM32F1xx_HAL_Driver/Src/stm32f1xx_hal_i2c.o
 .debug_line    0x0000000000008d05      0xafa ./Drivers/STM32F1xx_HAL_Driver/Src/stm32f1xx_hal_rcc.o
 .debug_line    0x00000000000097ff     0x19a5 ./Drivers/STM32F1xx_HAL_Driver/Src/stm32f1xx_hal_spi.o
 .debug_line    0x000000000000b1a4     0x30c3 ./Drivers/STM32F1xx_HAL_Driver/Src/stm32f1xx_hal_tim.o
 .debug_line    0x000000000000e267     0x1617 ./Drivers/STM32F1xx_HAL_Driver/Src/stm32f1xx_hal_tim_ex.o
 .debug_line    0x000000000000f87e      0x558 /usr/lib/gcc/arm-none-eabi/12.2.0/../../../../arm-none-eabi/lib/thumb/v7-m/nofp/libc_nano.a(libc_a-findfp.o)
 .debug_line    0x000000000000fdd6      0x123 /usr/lib/gcc/arm-none-eabi/12.2.0/../../../../arm-none-eabi/lib/thumb/v7-m/nofp/libc_nano.a(libc_a-memset.o)
 .debug_line    0x000000000000fef9      0x108 /usr/lib/gcc/arm-none-eabi/12.2.0/../../../../arm-none-eabi/lib/thumb/v7-m/nofp/libc_nano.a(libc_a-impure.o)
 .debug_line    0x0000000000010001      0x12a /usr/lib/gcc/arm-none-eabi/12.2.0/../../../../arm-none-eabi/lib/thumb/v7-m/nofp/libc_nano.a(libc_a-errno.o)
 .debug_line    0x000000000001012b      0x12a /usr/lib/gcc/arm-none-eabi/12.2.0/../../../../arm-none-eabi/lib/thumb/v7-m/nofp/libc_nano.a(libc_a-init.o)
 .debug_line    0x0000000000010255      0x16f /usr/lib/gcc/arm-none-eabi/12.2.0/thumb/v7-m/nofp/libgcc.a(_arm_addsubdf3.o)
 .debug_line    0x00000000000103c4      0x184 /usr/lib/gcc/arm-none-eabi/12.2.0/thumb/v7-m/nofp/libgcc.a(_arm_muldivdf3.o)
 .debug_line    0x0000000000010548       0xa6 /usr/lib/gcc/arm-none-eabi/12.2.0/thumb/v7-m/nofp/libgcc.a(_arm_cmpdf2.o)
 .debug_line    0x00000000000105ee       0x57 /usr/lib/gcc/arm-none-eabi/12.2.0/thumb/v7-m/nofp/libgcc.a(_arm_unorddf2.o)
 .debug_line    0x0000000000010645       0x62 /usr/lib/gcc/arm-none-eabi/12.2.0/thumb/v7-m/nofp/libgcc.a(_arm_fixdfsi.o)
 .debug_line    0x00000000000106a7       0x5e /usr/lib/gcc/arm-none-eabi/12.2.0/thumb/v7-m/nofp/libgcc.a(_arm_fixunsdfsi.o)
 .debug_line    0x0000000000010705       0x76 /usr/lib/gcc/arm-none-eabi/12.2.0/thumb/v7-m/nofp/libgcc.a(_arm_truncdfsf2.o)
 .debug_line    0x000000000001077b      0x103 /usr/lib/gcc/arm-none-eabi/12.2.0/thumb/v7-m/nofp/libgcc.a(_arm_addsubsf3.o)
 .debug_line    0x000000000001087e      0x123 /usr/lib/gcc/arm-none-eabi/12.2.0/thumb/v7-m/nofp/libgcc.a(_arm_muldivsf3.o)
 .debug_line    0x00000000000109a1       0x9a /usr/lib/gcc/arm-none-eabi/12.2.0/thumb/v7-m/nofp/libgcc.a(_arm_cmpsf2.o)

.debug_str      0x0000000000000000    0x8d087
 .debug_str     0x0000000000000000    0x84653 ./Core/Src/gpio.o
                                      0x84a0c (size before relaxing)
 .debug_str     0x0000000000084653      0x49a ./Core/Src/i2c.o
                                      0x84bbf (size before relaxing)
 .debug_str     0x0000000000084aed     0x44d6 ./Core/Src/main.o
                                      0x890e2 (size before relaxing)
 .debug_str     0x0000000000088fc3      0x386 ./Core/Src/mpu6050.o
                                      0x8881a (size before relaxing)
 .debug_str     0x0000000000089349       0x79 ./Core/Src/spi.o
                                      0x84b44 (size before relaxing)
 .debug_str     0x00000000000893c2       0x2c ./Core/Src/stm32f1xx_hal_msp.o
                                      0x8468d (size before relaxing)
 .debug_str     0x00000000000893ee      0x149 ./Core/Src/stm32f1xx_it.o
                                      0x84c04 (size before relaxing)
 .debug_str     0x0000000000089537       0x7e ./Core/Src/system_stm32f1xx.o
                                      0x8453b (size before relaxing)
 .debug_str     0x00000000000895b5      0x2b0 ./Core/Src/tim.o
                                      0x851b5 (size before relaxing)
 .debug_str     0x0000000000089865       0x42 ./Core/Startup/startup_stm32f103r8tx.o
                                         0x62 (size before relaxing)
 .debug_str     0x00000000000898a7      0x36e ./Drivers/STM32F1xx_HAL_Driver/Src/stm32f1xx_hal.o
                                      0x84c6e (size before relaxing)
 .debug_str     0x0000000000089c15      0x294 ./Drivers/STM32F1xx_HAL_Driver/Src/stm32f1xx_hal_cortex.o
                                      0x84bba (size before relaxing)
 .debug_str     0x0000000000089ea9      0x284 ./Drivers/STM32F1xx_HAL_Driver/Src/stm32f1xx_hal_gpio.o
                                      0x848c1 (size before relaxing)
 .debug_str     0x000000000008a12d      0xb64 ./Drivers/STM32F1xx_HAL_Driver/Src/stm32f1xx_hal_i2c.o
                                      0x855af (size before relaxing)
 .debug_str     0x000000000008ac91      0x209 ./Drivers/STM32F1xx_HAL_Driver/Src/stm32f1xx_hal_rcc.o
                                      0x8496a (size before relaxing)
 .debug_str     0x000000000008ae9a      0x513 ./Drivers/STM32F1xx_HAL_Driver/Src/stm32f1xx_hal_spi.o
                                      0x84e67 (size before relaxing)
 .debug_str     0x000000000008b3ad      0xcfd ./Drivers/STM32F1xx_HAL_Driver/Src/stm32f1xx_hal_tim.o
                                      0x85955 (size before relaxing)
 .debug_str     0x000000000008c0aa      0x3e1 ./Drivers/STM32F1xx_HAL_Driver/Src/stm32f1xx_hal_tim_ex.o
                                      0x85171 (size before relaxing)
 .debug_str     0x000000000008c48b      0x630 /usr/lib/gcc/arm-none-eabi/12.2.0/../../../../arm-none-eabi/lib/thumb/v7-m/nofp/libc_nano.a(libc_a-findfp.o)
                                        0x75a (size before relaxing)
 .debug_str     0x000000000008cabb       0x44 /usr/lib/gcc/arm-none-eabi/12.2.0/../../../../arm-none-eabi/lib/thumb/v7-m/nofp/libc_nano.a(libc_a-memset.o)
                                        0x1b7 (size before relaxing)
 .debug_str     0x000000000008caff       0x43 /usr/lib/gcc/arm-none-eabi/12.2.0/../../../../arm-none-eabi/lib/thumb/v7-m/nofp/libc_nano.a(libc_a-impure.o)
                                        0x4d7 (size before relaxing)
 .debug_str     0x000000000008cb42       0x4a /usr/lib/gcc/arm-none-eabi/12.2.0/../../../../arm-none-eabi/lib/thumb/v7-m/nofp/libc_nano.a(libc_a-errno.o)
                                        0x4d1 (size before relaxing)
 .debug_str     0x000000000008cb8c       0xa0 /usr/lib/gcc/arm-none-eabi/12.2.0/../../../../arm-none-eabi/lib/thumb/v7-m/nofp/libc_nano.a(libc_a-init.o)
                                        0x218 (size before relaxing)
 .debug_str     0x000000000008cc2c      0x14d /usr/lib/gcc/arm-none-eabi/12.2.0/thumb/v7-m/nofp/libgcc.a(_arm_addsubdf3.o)
                                        0x159 (size before relaxing)
 .debug_str     0x000000000008cd79       0x2c /usr/lib/gcc/arm-none-eabi/12.2.0/thumb/v7-m/nofp/libgcc.a(_arm_muldivdf3.o)
                                         0xcb (size before relaxing)
 .debug_str     0x000000000008cda5       0xb5 /usr/lib/gcc/arm-none-eabi/12.2.0/thumb/v7-m/nofp/libgcc.a(_arm_cmpdf2.o)
                                        0x154 (size before relaxing)
 .debug_str     0x000000000008ce5a       0x1a /usr/lib/gcc/arm-none-eabi/12.2.0/thumb/v7-m/nofp/libgcc.a(_arm_unorddf2.o)
                                         0xb9 (size before relaxing)
 .debug_str     0x000000000008ce74       0x17 /usr/lib/gcc/arm-none-eabi/12.2.0/thumb/v7-m/nofp/libgcc.a(_arm_fixdfsi.o)
                                         0xb6 (size before relaxing)
 .debug_str     0x000000000008ce8b       0x1b /usr/lib/gcc/arm-none-eabi/12.2.0/thumb/v7-m/nofp/libgcc.a(_arm_fixunsdfsi.o)
                                         0xba (size before relaxing)
 .debug_str     0x000000000008cea6       0x19 /usr/lib/gcc/arm-none-eabi/12.2.0/thumb/v7-m/nofp/libgcc.a(_arm_truncdfsf2.o)
                                         0xb8 (size before relaxing)
 .debug_str     0x000000000008cebf       0xe7 /usr/lib/gcc/arm-none-eabi/12.2.0/thumb/v7-m/nofp/libgcc.a(_arm_addsubsf3.o)
                                        0x13f (size before relaxing)
 .debug_str     0x000000000008cfa6       0x2c /usr/lib/gcc/arm-none-eabi/12.2.0/thumb/v7-m/nofp/libgcc.a(_arm_muldivsf3.o)
                                         0xcb (size before relaxing)
 .debug_str     0x000000000008cfd2       0xb5 /usr/lib/gcc/arm-none-eabi/12.2.0/thumb/v7-m/nofp/libgcc.a(_arm_cmpsf2.o)
                                        0x154 (size before relaxing)

.comment        0x0000000000000000       0x1e
 .comment       0x0000000000000000       0x1e ./Core/Src/gpio.o
                                         0x1f (size before relaxing)
 .comment       0x000000000000001e       0x1f ./Core/Src/i2c.o
 .comment       0x000000000000001e       0x1f ./Core/Src/main.o
 .comment       0x000000000000001e       0x1f ./Core/Src/mpu6050.o
 .comment       0x000000000000001e       0x1f ./Core/Src/spi.o
 .comment       0x000000000000001e       0x1f ./Core/Src/stm32f1xx_hal_msp.o
 .comment       0x000000000000001e       0x1f ./Core/Src/stm32f1xx_it.o
 .comment       0x000000000000001e       0x1f ./Core/Src/system_stm32f1xx.o
 .comment       0x000000000000001e       0x1f ./Core/Src/tim.o
 .comment       0x000000000000001e       0x1f ./Drivers/STM32F1xx_HAL_Driver/Src/stm32f1xx_hal.o
 .comment       0x000000000000001e       0x1f ./Drivers/STM32F1xx_HAL_Driver/Src/stm32f1xx_hal_cortex.o
 .comment       0x000000000000001e       0x1f ./Drivers/STM32F1xx_HAL_Driver/Src/stm32f1xx_hal_gpio.o
 .comment       0x000000000000001e       0x1f ./Drivers/STM32F1xx_HAL_Driver/Src/stm32f1xx_hal_i2c.o
 .comment       0x000000000000001e       0x1f ./Drivers/STM32F1xx_HAL_Driver/Src/stm32f1xx_hal_rcc.o
 .comment       0x000000000000001e       0x1f ./Drivers/STM32F1xx_HAL_Driver/Src/stm32f1xx_hal_spi.o
 .comment       0x000000000000001e       0x1f ./Drivers/STM32F1xx_HAL_Driver/Src/stm32f1xx_hal_tim.o
 .comment       0x000000000000001e       0x1f ./Drivers/STM32F1xx_HAL_Driver/Src/stm32f1xx_hal_tim_ex.o
 .comment       0x000000000000001e       0x1f /usr/lib/gcc/arm-none-eabi/12.2.0/../../../../arm-none-eabi/lib/thumb/v7-m/nofp/libc_nano.a(libc_a-findfp.o)
 .comment       0x000000000000001e       0x1f /usr/lib/gcc/arm-none-eabi/12.2.0/../../../../arm-none-eabi/lib/thumb/v7-m/nofp/libc_nano.a(libc_a-memset.o)
 .comment       0x000000000000001e       0x1f /usr/lib/gcc/arm-none-eabi/12.2.0/../../../../arm-none-eabi/lib/thumb/v7-m/nofp/libc_nano.a(libc_a-impure.o)
 .comment       0x000000000000001e       0x1f /usr/lib/gcc/arm-none-eabi/12.2.0/../../../../arm-none-eabi/lib/thumb/v7-m/nofp/libc_nano.a(libc_a-errno.o)
 .comment       0x000000000000001e       0x1f /usr/lib/gcc/arm-none-eabi/12.2.0/../../../../arm-none-eabi/lib/thumb/v7-m/nofp/libc_nano.a(libc_a-init.o)

.debug_frame    0x0000000000000000     0x4844
 .debug_frame   0x0000000000000000       0x34 ./Core/Src/gpio.o
 .debug_frame   0x0000000000000034       0x74 ./Core/Src/i2c.o
 .debug_frame   0x00000000000000a8      0x300 ./Core/Src/main.o
 .debug_frame   0x00000000000003a8      0x18c ./Core/Src/mpu6050.o
 .debug_frame   0x0000000000000534       0x74 ./Core/Src/spi.o
 .debug_frame   0x00000000000005a8       0x38 ./Core/Src/stm32f1xx_hal_msp.o
 .debug_frame   0x00000000000005e0      0x190 ./Core/Src/stm32f1xx_it.o
 .debug_frame   0x0000000000000770       0x58 ./Core/Src/system_stm32f1xx.o
 .debug_frame   0x00000000000007c8      0x10c ./Core/Src/tim.o
 .debug_frame   0x00000000000008d4      0x334 ./Drivers/STM32F1xx_HAL_Driver/Src/stm32f1xx_hal.o
 .debug_frame   0x0000000000000c08      0x428 ./Drivers/STM32F1xx_HAL_Driver/Src/stm32f1xx_hal_cortex.o
 .debug_frame   0x0000000000001030      0x14c ./Drivers/STM32F1xx_HAL_Driver/Src/stm32f1xx_hal_gpio.o
 .debug_frame   0x000000000000117c      0xc5c ./Drivers/STM32F1xx_HAL_Driver/Src/stm32f1xx_hal_i2c.o
 .debug_frame   0x0000000000001dd8      0x21c ./Drivers/STM32F1xx_HAL_Driver/Src/stm32f1xx_hal_rcc.o
 .debug_frame   0x0000000000001ff4      0x824 ./Drivers/STM32F1xx_HAL_Driver/Src/stm32f1xx_hal_spi.o
 .debug_frame   0x0000000000002818     0x11b8 ./Drivers/STM32F1xx_HAL_Driver/Src/stm32f1xx_hal_tim.o
 .debug_frame   0x00000000000039d0      0x638 ./Drivers/STM32F1xx_HAL_Driver/Src/stm32f1xx_hal_tim_ex.o
 .debug_frame   0x0000000000004008      0x144 /usr/lib/gcc/arm-none-eabi/12.2.0/../../../../arm-none-eabi/lib/thumb/v7-m/nofp/libc_nano.a(libc_a-findfp.o)
 .debug_frame   0x000000000000414c       0x20 /usr/lib/gcc/arm-none-eabi/12.2.0/../../../../arm-none-eabi/lib/thumb/v7-m/nofp/libc_nano.a(libc_a-memset.o)
 .debug_frame   0x000000000000416c       0x20 /usr/lib/gcc/arm-none-eabi/12.2.0/../../../../arm-none-eabi/lib/thumb/v7-m/nofp/libc_nano.a(libc_a-errno.o)
 .debug_frame   0x000000000000418c       0x2c /usr/lib/gcc/arm-none-eabi/12.2.0/../../../../arm-none-eabi/lib/thumb/v7-m/nofp/libc_nano.a(libc_a-init.o)
 .debug_frame   0x00000000000041b8       0x20 /usr/lib/gcc/arm-none-eabi/12.2.0/../../../../arm-none-eabi/lib/thumb/v7-m/nofp/libm.a(libm_a-w_atan2.o)
 .debug_frame   0x00000000000041d8       0x30 /usr/lib/gcc/arm-none-eabi/12.2.0/../../../../arm-none-eabi/lib/thumb/v7-m/nofp/libm.a(libm_a-w_sqrt.o)
 .debug_frame   0x0000000000004208       0x38 /usr/lib/gcc/arm-none-eabi/12.2.0/../../../../arm-none-eabi/lib/thumb/v7-m/nofp/libm.a(libm_a-s_atan.o)
 .debug_frame   0x0000000000004240       0x20 /usr/lib/gcc/arm-none-eabi/12.2.0/../../../../arm-none-eabi/lib/thumb/v7-m/nofp/libm.a(libm_a-s_fabs.o)
 .debug_frame   0x0000000000004260       0x40 /usr/lib/gcc/arm-none-eabi/12.2.0/../../../../arm-none-eabi/lib/thumb/v7-m/nofp/libm.a(libm_a-s_sin.o)
 .debug_frame   0x00000000000042a0       0x38 /usr/lib/gcc/arm-none-eabi/12.2.0/../../../../arm-none-eabi/lib/thumb/v7-m/nofp/libm.a(libm_a-e_sqrt.o)
 .debug_frame   0x00000000000042d8       0x30 /usr/lib/gcc/arm-none-eabi/12.2.0/../../../../arm-none-eabi/lib/thumb/v7-m/nofp/libm.a(libm_a-s_floor.o)
 .debug_frame   0x0000000000004308       0x4c /usr/lib/gcc/arm-none-eabi/12.2.0/../../../../arm-none-eabi/lib/thumb/v7-m/nofp/libm.a(libm_a-k_cos.o)