../Core/Src/main.c:160:10:map	24	static
../Core/Src/main.c:165:8:lerp	24	static
../Core/Src/main.c:169:6:PWM	24	static
../Core/Src/main.c:195:6:CollibrateMpu6050	40	static
../Core/Src/main.c:210:6:Kalman_1d	40	static
../Core/Src/main.c:221:6:ReadMPU6050	40	static
../Core/Src/main.c:241:6:Rotate_to_zero	32	static
../Core/Src/main.c:262:6:delay_us	16	static
../Core/Src/main.c:267:8:Read_sr	24	static
../Core/Src/main.c:289:6:GotoPoint	64	static
../Core/Src/main.c:332:6:AllMotorsZero	8	static
../Core/Src/main.c:339:6:checkBounds	24	static
../Core/Src/main.c:372:6:getBallPosiotion	16	static
../Core/Src/main.c:426:6:GetBall	40	static
../Core/Src/main.c:509:6:BackToGoal	40	static
../Core/Src/main.c:550:6:HAL_TIM_PeriodElapsedCallback	16	static
../Core/Src/main.c:562:6:HAL_GPIO_EXTI_Callback	16	static
../Core/Src/main.c:586:5:main	8	static
../Core/Src/main.c:681:6:SystemClock_Config	72	static
../Core/Src/main.c:723:6:Error_Handler	4	static
